<html>
<body>
<pre>
<h1>礦ision Build Log</h1>
<h2>Tool Versions:</h2>
IDE-Version: μVision V5.29.0.0
Copyright (C) 2019 ARM Ltd and ARM Germany GmbH. All rights reserved.
License Information: zhang dong, Z-tech, LIC=GMZI6-DPYF9-SB7EJ-U56RB-CQL6K-980B0
 
Tool Versions:
Toolchain:       MDK-ARM Plus  Version: 5.29.0.0
Toolchain Path:  D:\Keil_v5_ARM\ARM\ARMCC\Bin
C Compiler:      Armcc.exe V5.06 update 6 (build 750)
Assembler:       Armasm.exe V5.06 update 6 (build 750)
Linker/Locator:  ArmLink.exe V5.06 update 6 (build 750)
Library Manager: ArmAr.exe V5.06 update 6 (build 750)
Hex Converter:   FromElf.exe V5.06 update 6 (build 750)
CPU DLL:         SARMCM3.DLL V5.29.0.0
Dialog DLL:      DCM.DLL V1.17.3.0
Target DLL:      CMSIS_AGDI.dll V1.32.0.0
Dialog DLL:      TCM.DLL V1.36.5.0
 
<h2>Project:</h2>
E:\3C_项目工程\2019-两轮平衡车\AGV_Blance_TM1\STM32project\MDK-ARM\TMAGV.uvprojx
Project File Date:  12/16/2019

<h2>Output:</h2>
*** Using Compiler 'V5.06 update 6 (build 750)', folder: 'D:\Keil_v5_ARM\ARM\ARMCC\Bin'
Build target 'TMAGV'
assembling startup_stm32f401xc.s...
compiling stm32f4xx_it.c...
compiling comHandle.c...
..\TMAGV\src\comHandle.c(154): warning:  #1-D: last line of file ends without a newline
  	
..\TMAGV\src\comHandle.c: 1 warning, 0 errors
compiling usart.c...
compiling main.c...
compiling gpio.c...
compiling adc.c...
compiling sys.c...
compiling tmagv.c...
..\TMAGV\src\tmagv.c(44): warning:  #167-D: argument of type "uint8_t *" is incompatible with parameter of type "char *restrict"
  		sprintf(str,"IMU Init code : %d \r\n",temp);
..\TMAGV\src\tmagv.c: 1 warning, 0 errors
compiling stm32f4xx_hal_msp.c...
compiling pidctrller.c...
..\TMAGV\src\pidctrller.c(88): warning:  #1035-D: single-precision operand implicitly converted to double-precision
  		g_MotorSpeed[i] = etrtemp * 10.0 * 0.25;
..\TMAGV\src\pidctrller.c(147): warning:  #1035-D: single-precision operand implicitly converted to double-precision
  		pid[i].de		=  pid[i].de * 0.7 + 0.3 * (g_MotorSpeed[i] - 0);//g_TargetSpeed[i] - g_MotorSpeed[i];
..\TMAGV\src\pidctrller.c(147): warning:  #1035-D: single-precision operand implicitly converted to double-precision
  		pid[i].de		=  pid[i].de * 0.7 + 0.3 * (g_MotorSpeed[i] - 0);//g_TargetSpeed[i] - g_MotorSpeed[i];
..\TMAGV\src\pidctrller.c(239): warning:  #167-D: argument of type "uint8_t *" is incompatible with parameter of type "char *restrict"
  		sprintf(str,"pitch = %3.2f,roll = %3.2f,yaw = %3.2f \r\n",pitch,roll,yaw);
..\TMAGV\src\pidctrller.c(228): warning:  #550-D: variable "temp"  was set but never used
  	short temp = 0;
..\TMAGV\src\pidctrller.c: 5 warnings, 0 errors
compiling tim.c...
compiling filter.c...
..\TMAGV\src\filter.c(223): warning:  #1035-D: single-precision operand implicitly converted to double-precision
     angle = K1 * angle_m+ (1-K1) * (angle + gyro_m * 0.005);
..\TMAGV\src\filter.c: 1 warning, 0 errors
compiling stm32f4xx_hal_rcc_ex.c...
compiling stm32f4xx_hal_flash.c...
compiling stm32f4xx_hal_flash_ex.c...
compiling mpu6050.c...
compiling IICcom.c...
..\Hardware\MPU6050\src\IICcom.c(304): warning:  #1-D: last line of file ends without a newline
  }                                       
..\Hardware\MPU6050\src\IICcom.c: 1 warning, 0 errors
compiling stm32f4xx_hal_rcc.c...
compiling inv_mpu.c...
compiling stm32f4xx_hal_adc_ex.c...
compiling stm32f4xx_hal_adc.c...
compiling inv_mpu_dmp_motion_driver.c...
compiling stm32f4xx_hal_dma.c...
compiling stm32f4xx_hal.c...
compiling stm32f4xx_hal_flash_ramfunc.c...
compiling stm32f4xx_hal_pwr_ex.c...
compiling stm32f4xx_hal_exti.c...
compiling stm32f4xx_hal_pwr.c...
compiling stm32f4xx_hal_dma_ex.c...
compiling stm32f4xx_hal_gpio.c...
compiling stm32f4xx_hal_cortex.c...
compiling stm32f4xx_hal_tim_ex.c...
compiling stm32f4xx_hal_tim.c...
compiling system_stm32f4xx.c...
compiling stm32f4xx_hal_uart.c...
linking...
Program Size: Code=30228 RO-data=3940 RW-data=112 ZI-data=1608  
FromELF: creating hex file...
"TMAGV\TMAGV.axf" - 0 Error(s), 9 Warning(s).

<h2>Software Packages used:</h2>

Package Vendor: ARM
                http://www.keil.com/pack/ARM.CMSIS.5.6.0.pack
                ARM.CMSIS.5.6.0
                CMSIS (Cortex Microcontroller Software Interface Standard)
   * Component: CORE Version: 5.3.0

Package Vendor: Keil
                http://www.keil.com/pack/Keil.STM32F4xx_DFP.2.13.0.pack
                Keil.STM32F4xx_DFP.2.13.0
                STMicroelectronics STM32F4 Series Device Support, Drivers and Examples

<h2>Collection of Component include folders:</h2>
  .\RTE\_TMAGV
  D:\Keil_v5_ARM\ARM\PACK\ARM\CMSIS\5.6.0\CMSIS\Core\Include
  D:\Keil_v5_ARM\ARM\PACK\Keil\STM32F4xx_DFP\2.13.0\Drivers\CMSIS\Device\ST\STM32F4xx\Include

<h2>Collection of Component Files used:</h2>

   * Component: ARM::CMSIS:CORE:5.3.0
Build Time Elapsed:  00:00:16
</pre>
</body>
</html>
