Component: ARM Compiler 5.06 update 6 (build 750) Tool: armlink [4d35ed]

==============================================================================

Section Cross References

    startup_stm32f401xc.o(RESET) refers to startup_stm32f401xc.o(STACK) for __initial_sp
    startup_stm32f401xc.o(RESET) refers to startup_stm32f401xc.o(.text) for Reset_Handler
    startup_stm32f401xc.o(RESET) refers to stm32f4xx_it.o(i.NMI_Handler) for NMI_Handler
    startup_stm32f401xc.o(RESET) refers to stm32f4xx_it.o(i.HardFault_Handler) for HardFault_Handler
    startup_stm32f401xc.o(RESET) refers to stm32f4xx_it.o(i.MemManage_Handler) for MemManage_Handler
    startup_stm32f401xc.o(RESET) refers to stm32f4xx_it.o(i.BusFault_Handler) for BusFault_Handler
    startup_stm32f401xc.o(RESET) refers to stm32f4xx_it.o(i.UsageFault_Handler) for UsageFault_Handler
    startup_stm32f401xc.o(RESET) refers to stm32f4xx_it.o(i.SVC_Handler) for SVC_Handler
    startup_stm32f401xc.o(RESET) refers to stm32f4xx_it.o(i.DebugMon_Handler) for DebugMon_Handler
    startup_stm32f401xc.o(RESET) refers to stm32f4xx_it.o(i.PendSV_Handler) for PendSV_Handler
    startup_stm32f401xc.o(RESET) refers to stm32f4xx_it.o(i.SysTick_Handler) for SysTick_Handler
    startup_stm32f401xc.o(RESET) refers to stm32f4xx_it.o(i.TIM1_TRG_COM_TIM11_IRQHandler) for TIM1_TRG_COM_TIM11_IRQHandler
    startup_stm32f401xc.o(RESET) refers to stm32f4xx_it.o(i.USART2_IRQHandler) for USART2_IRQHandler
    startup_stm32f401xc.o(.text) refers to system_stm32f4xx.o(i.SystemInit) for SystemInit
    startup_stm32f401xc.o(.text) refers to entry.o(.ARM.Collect$$$$00000000) for __main
    main.o(i.SystemClock_Config) refers to memseta.o(.text) for __aeabi_memclr4
    main.o(i.SystemClock_Config) refers to stm32f4xx_hal_rcc.o(i.HAL_RCC_OscConfig) for HAL_RCC_OscConfig
    main.o(i.SystemClock_Config) refers to main.o(i.Error_Handler) for Error_Handler
    main.o(i.SystemClock_Config) refers to stm32f4xx_hal_rcc.o(i.HAL_RCC_ClockConfig) for HAL_RCC_ClockConfig
    main.o(i.main) refers to stm32f4xx_hal.o(i.HAL_Init) for HAL_Init
    main.o(i.main) refers to main.o(i.SystemClock_Config) for SystemClock_Config
    main.o(i.main) refers to gpio.o(i.MX_GPIO_Init) for MX_GPIO_Init
    main.o(i.main) refers to adc.o(i.MX_ADC1_Init) for MX_ADC1_Init
    main.o(i.main) refers to tim.o(i.MX_TIM1_Init) for MX_TIM1_Init
    main.o(i.main) refers to tim.o(i.MX_TIM2_Init) for MX_TIM2_Init
    main.o(i.main) refers to tim.o(i.MX_TIM3_Init) for MX_TIM3_Init
    main.o(i.main) refers to usart.o(i.MX_USART2_UART_Init) for MX_USART2_UART_Init
    main.o(i.main) refers to tim.o(i.MX_TIM11_Init) for MX_TIM11_Init
    main.o(i.main) refers to tmagv.o(i.TMAGV_Setup) for TMAGV_Setup
    main.o(i.main) refers to tmagv.o(i.TMAGV_Loop) for TMAGV_Loop
    gpio.o(i.MX_GPIO_Init) refers to memseta.o(.text) for __aeabi_memclr4
    gpio.o(i.MX_GPIO_Init) refers to stm32f4xx_hal_gpio.o(i.HAL_GPIO_WritePin) for HAL_GPIO_WritePin
    gpio.o(i.MX_GPIO_Init) refers to stm32f4xx_hal_gpio.o(i.HAL_GPIO_Init) for HAL_GPIO_Init
    adc.o(i.HAL_ADC_MspDeInit) refers to stm32f4xx_hal_gpio.o(i.HAL_GPIO_DeInit) for HAL_GPIO_DeInit
    adc.o(i.HAL_ADC_MspInit) refers to memseta.o(.text) for __aeabi_memclr4
    adc.o(i.HAL_ADC_MspInit) refers to stm32f4xx_hal_gpio.o(i.HAL_GPIO_Init) for HAL_GPIO_Init
    adc.o(i.MX_ADC1_Init) refers to stm32f4xx_hal_adc.o(i.HAL_ADC_Init) for HAL_ADC_Init
    adc.o(i.MX_ADC1_Init) refers to main.o(i.Error_Handler) for Error_Handler
    adc.o(i.MX_ADC1_Init) refers to stm32f4xx_hal_adc.o(i.HAL_ADC_ConfigChannel) for HAL_ADC_ConfigChannel
    adc.o(i.MX_ADC1_Init) refers to adc.o(.bss) for hadc1
    tim.o(i.HAL_TIM_Base_MspInit) refers to stm32f4xx_hal_cortex.o(i.HAL_NVIC_SetPriority) for HAL_NVIC_SetPriority
    tim.o(i.HAL_TIM_Base_MspInit) refers to stm32f4xx_hal_cortex.o(i.HAL_NVIC_EnableIRQ) for HAL_NVIC_EnableIRQ
    tim.o(i.HAL_TIM_Encoder_MspDeInit) refers to stm32f4xx_hal_gpio.o(i.HAL_GPIO_DeInit) for HAL_GPIO_DeInit
    tim.o(i.HAL_TIM_Encoder_MspInit) refers to memseta.o(.text) for __aeabi_memclr4
    tim.o(i.HAL_TIM_Encoder_MspInit) refers to stm32f4xx_hal_gpio.o(i.HAL_GPIO_Init) for HAL_GPIO_Init
    tim.o(i.HAL_TIM_MspPostInit) refers to memseta.o(.text) for __aeabi_memclr4
    tim.o(i.HAL_TIM_MspPostInit) refers to stm32f4xx_hal_gpio.o(i.HAL_GPIO_Init) for HAL_GPIO_Init
    tim.o(i.MX_TIM11_Init) refers to stm32f4xx_hal_tim.o(i.HAL_TIM_Base_Init) for HAL_TIM_Base_Init
    tim.o(i.MX_TIM11_Init) refers to main.o(i.Error_Handler) for Error_Handler
    tim.o(i.MX_TIM11_Init) refers to tim.o(.bss) for htim11
    tim.o(i.MX_TIM1_Init) refers to memseta.o(.text) for __aeabi_memclr4
    tim.o(i.MX_TIM1_Init) refers to stm32f4xx_hal_tim.o(i.HAL_TIM_Base_Init) for HAL_TIM_Base_Init
    tim.o(i.MX_TIM1_Init) refers to main.o(i.Error_Handler) for Error_Handler
    tim.o(i.MX_TIM1_Init) refers to stm32f4xx_hal_tim.o(i.HAL_TIM_ConfigClockSource) for HAL_TIM_ConfigClockSource
[...]
    i.MemManage_Handler                      0x08002cd8   Section        0  stm32f4xx_it.o(i.MemManage_Handler)
    i.MotorSpeedPidCtrl                      0x08002cdc   Section        0  pidctrller.o(i.MotorSpeedPidCtrl)
    i.MoveCtrl                               0x08002f7c   Section        0  comhandle.o(i.MoveCtrl)
    i.NMI_Handler                            0x0800301c   Section        0  stm32f4xx_it.o(i.NMI_Handler)
    i.PID_Divider                            0x08003020   Section        0  pidctrller.o(i.PID_Divider)
    i.PendSV_Handler                         0x08003068   Section        0  stm32f4xx_it.o(i.PendSV_Handler)
    i.RxBufAnalysis                          0x0800306a   Section        0  comhandle.o(i.RxBufAnalysis)
    i.SVC_Handler                            0x0800309c   Section        0  stm32f4xx_it.o(i.SVC_Handler)
    i.SetTargetSpeed                         0x080030a0   Section        0  pidctrller.o(i.SetTargetSpeed)
    i.SysTick_Handler                        0x080030c0   Section        0  stm32f4xx_it.o(i.SysTick_Handler)
    i.SystemClock_Config                     0x080030cc   Section        0  main.o(i.SystemClock_Config)
    i.SystemInit                             0x08003180   Section        0  system_stm32f4xx.o(i.SystemInit)
    i.TIM1_TRG_COM_TIM11_IRQHandler          0x080031e4   Section        0  stm32f4xx_it.o(i.TIM1_TRG_COM_TIM11_IRQHandler)
    i.TIM_Base_SetConfig                     0x080031fc   Section        0  stm32f4xx_hal_tim.o(i.TIM_Base_SetConfig)
    i.TIM_CCxChannelCmd                      0x080032a0   Section        0  stm32f4xx_hal_tim.o(i.TIM_CCxChannelCmd)
    i.TIM_ETR_SetConfig                      0x080032c2   Section        0  stm32f4xx_hal_tim.o(i.TIM_ETR_SetConfig)
    i.TIM_ITRx_SetConfig                     0x080032d8   Section        0  stm32f4xx_hal_tim.o(i.TIM_ITRx_SetConfig)
    TIM_ITRx_SetConfig                       0x080032d9   Thumb Code    18  stm32f4xx_hal_tim.o(i.TIM_ITRx_SetConfig)
    i.TIM_OC1_SetConfig                      0x080032ec   Section        0  stm32f4xx_hal_tim.o(i.TIM_OC1_SetConfig)
    TIM_OC1_SetConfig                        0x080032ed   Thumb Code    90  stm32f4xx_hal_tim.o(i.TIM_OC1_SetConfig)
    i.TIM_OC2_SetConfig                      0x0800334c   Section        0  stm32f4xx_hal_tim.o(i.TIM_OC2_SetConfig)
    i.TIM_OC3_SetConfig                      0x080033b4   Section        0  stm32f4xx_hal_tim.o(i.TIM_OC3_SetConfig)
    TIM_OC3_SetConfig                        0x080033b5   Thumb Code    98  stm32f4xx_hal_tim.o(i.TIM_OC3_SetConfig)
    i.TIM_OC4_SetConfig                      0x0800341c   Section        0  stm32f4xx_hal_tim.o(i.TIM_OC4_SetConfig)
    TIM_OC4_SetConfig                        0x0800341d   Thumb Code    68  stm32f4xx_hal_tim.o(i.TIM_OC4_SetConfig)
    i.TIM_TI1_ConfigInputStage               0x08003464   Section        0  stm32f4xx_hal_tim.o(i.TIM_TI1_ConfigInputStage)
    TIM_TI1_ConfigInputStage                 0x08003465   Thumb Code    38  stm32f4xx_hal_tim.o(i.TIM_TI1_ConfigInputStage)
    i.TIM_TI2_ConfigInputStage               0x0800348a   Section        0  stm32f4xx_hal_tim.o(i.TIM_TI2_ConfigInputStage)
    TIM_TI2_ConfigInputStage                 0x0800348b   Thumb Code    40  stm32f4xx_hal_tim.o(i.TIM_TI2_ConfigInputStage)
    i.TMAGV_Interrupt                        0x080034b2   Section        0  tmagv.o(i.TMAGV_Interrupt)
    i.TMAGV_Loop                             0x080034ba   Section        0  tmagv.o(i.TMAGV_Loop)
    i.TMAGV_Setup                            0x080034c4   Section        0  tmagv.o(i.TMAGV_Setup)
    i.UART_DMAAbortOnError                   0x08003578   Section        0  stm32f4xx_hal_uart.o(i.UART_DMAAbortOnError)
    UART_DMAAbortOnError                     0x08003579   Thumb Code    20  stm32f4xx_hal_uart.o(i.UART_DMAAbortOnError)
    i.UART_EndRxTransfer                     0x0800358c   Section        0  stm32f4xx_hal_uart.o(i.UART_EndRxTransfer)
    UART_EndRxTransfer                       0x0800358d   Thumb Code    32  stm32f4xx_hal_uart.o(i.UART_EndRxTransfer)
    i.UART_EndTransmit_IT                    0x080035ac   Section        0  stm32f4xx_hal_uart.o(i.UART_EndTransmit_IT)
    UART_EndTransmit_IT                      0x080035ad   Thumb Code    32  stm32f4xx_hal_uart.o(i.UART_EndTransmit_IT)
    i.UART_Receive_IT                        0x080035cc   Section        0  stm32f4xx_hal_uart.o(i.UART_Receive_IT)
    UART_Receive_IT                          0x080035cd   Thumb Code   166  stm32f4xx_hal_uart.o(i.UART_Receive_IT)
    i.UART_SetConfig                         0x08003674   Section        0  stm32f4xx_hal_uart.o(i.UART_SetConfig)
    UART_SetConfig                           0x08003675   Thumb Code   864  stm32f4xx_hal_uart.o(i.UART_SetConfig)
    i.UART_Transmit_IT                       0x080039dc   Section        0  stm32f4xx_hal_uart.o(i.UART_Transmit_IT)
    UART_Transmit_IT                         0x080039dd   Thumb Code   104  stm32f4xx_hal_uart.o(i.UART_Transmit_IT)
    i.USART2_IRQHandler                      0x08003a44   Section        0  stm32f4xx_it.o(i.USART2_IRQHandler)
    i.UsageFault_Handler                     0x08003a70   Section        0  stm32f4xx_it.o(i.UsageFault_Handler)
    i.Usart2TxStr                            0x08003a74   Section        0  comhandle.o(i.Usart2TxStr)
    i.UsartRxToBuf                           0x08003a9c   Section        0  comhandle.o(i.UsartRxToBuf)
    i.__0printf                              0x08003ae8   Section        0  printfa.o(i.__0printf)
    i.__0sprintf                             0x08003b08   Section        0  printfa.o(i.__0sprintf)
    i.__ARM_fpclassify                       0x08003b30   Section        0  fpclassify.o(i.__ARM_fpclassify)
    i.__NVIC_GetPriorityGrouping             0x08003b60   Section        0  stm32f4xx_hal_cortex.o(i.__NVIC_GetPriorityGrouping)
    __NVIC_GetPriorityGrouping               0x08003b61   Thumb Code    10  stm32f4xx_hal_cortex.o(i.__NVIC_GetPriorityGrouping)
    i.__NVIC_SetPriority                     0x08003b70   Section        0  stm32f4xx_hal_cortex.o(i.__NVIC_SetPriority)
    __NVIC_SetPriority                       0x08003b71   Thumb Code    32  stm32f4xx_hal_cortex.o(i.__NVIC_SetPriority)
    i.__hardfp_asin                          0x08003b98   Section        0  asin.o(i.__hardfp_asin)
    i.__hardfp_atan                          0x08003ef8   Section        0  atan.o(i.__hardfp_atan)
    i.__hardfp_atan2                         0x080041d0   Section        0  atan2.o(i.__hardfp_atan2)
    i.__kernel_poly                          0x080043c0   Section        0  poly.o(i.__kernel_poly)
    i.__mathlib_dbl_infnan                   0x080044b8   Section        0  dunder.o(i.__mathlib_dbl_infnan)
    i.__mathlib_dbl_infnan2                  0x080044cc   Section        0  dunder.o(i.__mathlib_dbl_infnan2)
    i.__mathlib_dbl_invalid                  0x080044e0   Section        0  dunder.o(i.__mathlib_dbl_invalid)
    i.__mathlib_dbl_underflow                0x08004500   Section        0  dunder.o(i.__mathlib_dbl_underflow)
    i.__scatterload_copy                     0x08004520   Section       14  handlers.o(i.__scatterload_copy)
    i.__scatterload_null                     0x0800452e   Section        2  handlers.o(i.__scatterload_null)
    i.__scatterload_zeroinit                 0x08004530   Section       14  handlers.o(i.__scatterload_zeroinit)
    i.__set_errno                            0x08004540   Section        0  errno.o(i.__set_errno)
    i._fp_digits                             0x0800454c   Section        0  printfa.o(i._fp_digits)
    _fp_digits                               0x0800454d   Thumb Code   366  printfa.o(i._fp_digits)
    i._printf_core                           0x080046d0   Section        0  printfa.o(i._printf_core)
    _printf_core                             0x080046d1   Thumb Code  1744  printfa.o(i._printf_core)
    i._printf_post_padding                   0x08004dac   Section        0  printfa.o(i._printf_post_padding)
    _printf_post_padding                     0x08004dad   Thumb Code    36  printfa.o(i._printf_post_padding)
    i._printf_pre_padding                    0x08004dd0   Section        0  printfa.o(i._printf_pre_padding)
    _printf_pre_padding                      0x08004dd1   Thumb Code    46  printfa.o(i._printf_pre_padding)
    i._sputc                                 0x08004dfe   Section        0  printfa.o(i._sputc)
    _sputc                                   0x08004dff   Thumb Code    10  printfa.o(i._sputc)
    i.accel_self_test                        0x08004e08   Section        0  inv_mpu.o(i.accel_self_test)
    accel_self_test                          0x08004e09   Thumb Code   182  inv_mpu.o(i.accel_self_test)
    i.atan                                   0x08004ec8   Section        0  atan.o(i.atan)
    i.comHandle_Loop                         0x08004ed8   Section        0  comhandle.o(i.comHandle_Loop)
    i.decode_gesture                         0x08004ee8   Section        0  inv_mpu_dmp_motion_driver.o(i.decode_gesture)
    decode_gesture                           0x08004ee9   Thumb Code    94  inv_mpu_dmp_motion_driver.o(i.decode_gesture)
    i.dmp_enable_6x_lp_quat                  0x08004f4c   Section        0  inv_mpu_dmp_motion_driver.o(i.dmp_enable_6x_lp_quat)
    i.dmp_enable_feature                     0x08004f88   Section        0  inv_mpu_dmp_motion_driver.o(i.dmp_enable_feature)
    i.dmp_enable_gyro_cal                    0x080051a4   Section        0  inv_mpu_dmp_motion_driver.o(i.dmp_enable_gyro_cal)
    i.dmp_enable_lp_quat                     0x080051fc   Section        0  inv_mpu_dmp_motion_driver.o(i.dmp_enable_lp_quat)
    i.dmp_load_motion_driver_firmware        0x08005238   Section        0  inv_mpu_dmp_motion_driver.o(i.dmp_load_motion_driver_firmware)
    i.dmp_read_fifo                          0x08005250   Section        0  inv_mpu_dmp_motion_driver.o(i.dmp_read_fifo)
    i.dmp_set_accel_bias                     0x0800541c   Section        0  inv_mpu_dmp_motion_driver.o(i.dmp_set_accel_bias)
    i.dmp_set_fifo_rate                      0x0800554c   Section        0  inv_mpu_dmp_motion_driver.o(i.dmp_set_fifo_rate)
    i.dmp_set_gyro_bias                      0x080055bc   Section        0  inv_mpu_dmp_motion_driver.o(i.dmp_set_gyro_bias)
    i.dmp_set_orientation                    0x080056ec   Section        0  inv_mpu_dmp_motion_driver.o(i.dmp_set_orientation)
    i.dmp_set_shake_reject_thresh            0x08005824   Section        0  inv_mpu_dmp_motion_driver.o(i.dmp_set_shake_reject_thresh)
    i.dmp_set_shake_reject_time              0x0800585c   Section        0  inv_mpu_dmp_motion_driver.o(i.dmp_set_shake_reject_time)
    i.dmp_set_shake_reject_timeout           0x08005882   Section        0  inv_mpu_dmp_motion_driver.o(i.dmp_set_shake_reject_timeout)
    i.dmp_set_tap_axes                       0x080058a8   Section        0  inv_mpu_dmp_motion_driver.o(i.dmp_set_tap_axes)
    i.dmp_set_tap_count                      0x080058ee   Section        0  inv_mpu_dmp_motion_driver.o(i.dmp_set_tap_count)
    i.dmp_set_tap_thresh                     0x08005914   Section        0  inv_mpu_dmp_motion_driver.o(i.dmp_set_tap_thresh)
    i.dmp_set_tap_time                       0x08005ad4   Section        0  inv_mpu_dmp_motion_driver.o(i.dmp_set_tap_time)
    i.dmp_set_tap_time_multi                 0x08005afa   Section        0  inv_mpu_dmp_motion_driver.o(i.dmp_set_tap_time_multi)
    i.fabs                                   0x08005b20   Section        0  fabs.o(i.fabs)
    i.fputc                                  0x08005b38   Section        0  fputc.o(i.fputc)
    i.get_accel_prod_shift                   0x08005b4c   Section        0  inv_mpu.o(i.get_accel_prod_shift)
    get_accel_prod_shift                     0x08005b4d   Thumb Code   190  inv_mpu.o(i.get_accel_prod_shift)
    i.get_st_biases                          0x08005c1c   Section        0  inv_mpu.o(i.get_st_biases)
    get_st_biases                            0x08005c1d   Thumb Code  1132  inv_mpu.o(i.get_st_biases)
    i.gyro_self_test                         0x0800608c   Section        0  inv_mpu.o(i.gyro_self_test)
    gyro_self_test                           0x0800608d   Thumb Code   262  inv_mpu.o(i.gyro_self_test)
    i.inv_orientation_matrix_to_scalar       0x080061a8   Section        0  inv_mpu.o(i.inv_orientation_matrix_to_scalar)
    i.inv_row_2_scale                        0x080061d0   Section        0  inv_mpu.o(i.inv_row_2_scale)
    i.main                                   0x0800621e   Section        0  main.o(i.main)
    i.mget_ms                                0x0800624e   Section        0  inv_mpu.o(i.mget_ms)
    i.mpu_configure_fifo                     0x08006250   Section        0  inv_mpu.o(i.mpu_configure_fifo)
    i.mpu_dmp_get_data                       0x080062c0   Section        0  inv_mpu.o(i.mpu_dmp_get_data)
    i.mpu_dmp_init                           0x080064d8   Section        0  inv_mpu.o(i.mpu_dmp_init)
    i.mpu_get_accel_fsr                      0x08006578   Section        0  inv_mpu.o(i.mpu_get_accel_fsr)
    i.mpu_get_accel_sens                     0x080065c4   Section        0  inv_mpu.o(i.mpu_get_accel_sens)
    i.mpu_get_fifo_config                    0x08006618   Section        0  inv_mpu.o(i.mpu_get_fifo_config)
    i.mpu_get_gyro_fsr                       0x08006628   Section        0  inv_mpu.o(i.mpu_get_gyro_fsr)
    i.mpu_get_gyro_sens                      0x0800666c   Section        0  inv_mpu.o(i.mpu_get_gyro_sens)
    i.mpu_get_lpf                            0x080066cc   Section        0  inv_mpu.o(i.mpu_get_lpf)
    i.mpu_get_sample_rate                    0x0800671c   Section        0  inv_mpu.o(i.mpu_get_sample_rate)
    i.mpu_init                               0x0800673c   Section        0  inv_mpu.o(i.mpu_init)
    i.mpu_load_firmware                      0x0800692c   Section        0  inv_mpu.o(i.mpu_load_firmware)
    i.mpu_lp_accel_mode                      0x080069e4   Section        0  inv_mpu.o(i.mpu_lp_accel_mode)
    i.mpu_read_fifo_stream                   0x08006ac4   Section        0  inv_mpu.o(i.mpu_read_fifo_stream)
    i.mpu_read_mem                           0x08006b84   Section        0  inv_mpu.o(i.mpu_read_mem)
    i.mpu_reset_fifo                         0x08006c04   Section        0  inv_mpu.o(i.mpu_reset_fifo)
    i.mpu_run_self_test                      0x08006dcc   Section        0  inv_mpu.o(i.mpu_run_self_test)
    i.mpu_set_accel_fsr                      0x08006ee8   Section        0  inv_mpu.o(i.mpu_set_accel_fsr)
    i.mpu_set_bypass                         0x08006f6c   Section        0  inv_mpu.o(i.mpu_set_bypass)
    i.mpu_set_dmp_state                      0x080070b8   Section        0  inv_mpu.o(i.mpu_set_dmp_state)
    i.mpu_set_gyro_fsr                       0x08007148   Section        0  inv_mpu.o(i.mpu_set_gyro_fsr)
    i.mpu_set_int_latched                    0x080071d0   Section        0  inv_mpu.o(i.mpu_set_int_latched)
    i.mpu_set_lpf                            0x0800723c   Section        0  inv_mpu.o(i.mpu_set_lpf)
    i.mpu_set_sample_rate                    0x080072c0   Section        0  inv_mpu.o(i.mpu_set_sample_rate)
    i.mpu_set_sensors                        0x0800735c   Section        0  inv_mpu.o(i.mpu_set_sensors)
    i.mpu_write_mem                          0x0800742c   Section        0  inv_mpu.o(i.mpu_write_mem)
    i.run_self_test                          0x080074ac   Section        0  inv_mpu.o(i.run_self_test)
    i.setAngelOffset                         0x08007548   Section        0  pidctrller.o(i.setAngelOffset)
    i.setAngelSpd                            0x08007554   Section        0  pidctrller.o(i.setAngelSpd)
    i.setMotorPWM                            0x08007560   Section        0  pidctrller.o(i.setMotorPWM)
    i.set_int_enable                         0x080075a0   Section        0  inv_mpu.o(i.set_int_enable)
    set_int_enable                           0x080075a1   Thumb Code   138  inv_mpu.o(i.set_int_enable)
    i.sqrt                                   0x08007630   Section        0  sqrt.o(i.sqrt)
    i.updataSpeed                            0x080076a0   Section        0  pidctrller.o(i.updataSpeed)
    .constdata                               0x080077a8   Section       12  pidctrller.o(.constdata)
    .constdata                               0x080077b4   Section       80  inv_mpu.o(.constdata)
    .constdata                               0x08007804   Section     3062  inv_mpu_dmp_motion_driver.o(.constdata)
    dmp_memory                               0x08007804   Data        3062  inv_mpu_dmp_motion_driver.o(.constdata)
    .constdata                               0x080083fa   Section       24  system_stm32f4xx.o(.constdata)
    .constdata                               0x08008418   Section       80  asin.o(.constdata)
    pS                                       0x08008418   Data          48  asin.o(.constdata)
    qS                                       0x08008448   Data          32  asin.o(.constdata)
    .constdata                               0x08008468   Section      152  atan.o(.constdata)
    atanhi                                   0x08008468   Data          32  atan.o(.constdata)
    atanlo                                   0x08008488   Data          32  atan.o(.constdata)
    aTodd                                    0x080084a8   Data          40  atan.o(.constdata)
    aTeven                                   0x080084d0   Data          48  atan.o(.constdata)
    .constdata                               0x08008500   Section        8  qnan.o(.constdata)
    .conststring                             0x08008508   Section       77  inv_mpu.o(.conststring)
    .data                                    0x20000000   Section       32  pidctrller.o(.data)
    div                                      0x20000018   Data           4  pidctrller.o(.data)
    div1                                     0x2000001c   Data           4  pidctrller.o(.data)
    .data                                    0x20000020   Section       53  inv_mpu.o(.data)
    st                                       0x20000020   Data          44  inv_mpu.o(.data)
    gyro_orientation                         0x2000004c   Data           9  inv_mpu.o(.data)
    .data                                    0x20000058   Section        9  stm32f4xx_hal.o(.data)
    .data                                    0x20000064   Section        4  system_stm32f4xx.o(.data)
    .data                                    0x20000068   Section        4  stdout.o(.data)
    .data                                    0x2000006c   Section        4  errno.o(.data)
    _errno                                   0x2000006c   Data           4  errno.o(.data)
    .bss                                     0x20000070   Section       72  adc.o(.bss)
    .bss                                     0x200000b8   Section      256  tim.o(.bss)
    .bss                                     0x200001b8   Section       64  usart.o(.bss)
    .bss                                     0x200001f8   Section      102  comhandle.o(.bss)
    .bss                                     0x20000260   Section       68  pidctrller.o(.bss)
    pid                                      0x2000027c   Data          40  pidctrller.o(.bss)
    .bss                                     0x200002a4   Section       16  inv_mpu_dmp_motion_driver.o(.bss)
    dmp                                      0x200002a4   Data          16  inv_mpu_dmp_motion_driver.o(.bss)
    STACK                                    0x200002b8   Section     1024  startup_stm32f401xc.o(STACK)

    Global Symbols

    Symbol Name                              Value     Ov Type        Size  Object(Section)

    BuildAttributes$$THM_ISAv4$E$P$D$K$B$S$7EM$VFPi3$EXTD16$VFPS$VFMA$PE$A:L22UL41UL21$X:L11$S22US41US21$IEEE1$IW$USESV6$~STKCKD$USESV7$~SHL$OTIME$ROPI$IEEEX$EBA8$MICROLIB$REQ8$PRES8$EABIv2 0x00000000   Number         0  anon$$obj.o ABSOLUTE
    __ARM_use_no_argv                        0x00000000   Number         0  main.o ABSOLUTE
    _printf_a                                0x00000000   Number         0  stubs.o ABSOLUTE
    _printf_c                                0x00000000   Number         0  stubs.o ABSOLUTE
    _printf_charcount                        0x00000000   Number         0  stubs.o ABSOLUTE
    _printf_d                                0x00000000   Number         0  stubs.o ABSOLUTE
    _printf_e                                0x00000000   Number         0  stubs.o ABSOLUTE
    _printf_f                                0x00000000   Number         0  stubs.o ABSOLUTE
    _printf_flags                            0x00000000   Number         0  stubs.o ABSOLUTE
    _printf_fp_dec                           0x00000000   Number         0  stubs.o ABSOLUTE
    _printf_fp_hex                           0x00000000   Number         0  stubs.o ABSOLUTE
    _printf_g                                0x00000000   Number         0  stubs.o ABSOLUTE
    _printf_i                                0x00000000   Number         0  stubs.o ABSOLUTE
    _printf_int_dec                          0x00000000   Number         0  stubs.o ABSOLUTE
    _printf_l                                0x00000000   Number         0  stubs.o ABSOLUTE
    _printf_lc                               0x00000000   Number         0  stubs.o ABSOLUTE
    _printf_ll                               0x00000000   Number         0  stubs.o ABSOLUTE
    _printf_lld                              0x00000000   Number         0  stubs.o ABSOLUTE
    _printf_lli                              0x00000000   Number         0  stubs.o ABSOLUTE
    _printf_llo                              0x00000000   Number         0  stubs.o ABSOLUTE
    _printf_llu                              0x00000000   Number         0  stubs.o ABSOLUTE
    _printf_llx                              0x00000000   Number         0  stubs.o ABSOLUTE
    _printf_longlong_dec                     0x00000000   Number         0  stubs.o ABSOLUTE
    _printf_longlong_hex                     0x00000000   Number         0  stubs.o ABSOLUTE
    _printf_longlong_oct                     0x00000000   Number         0  stubs.o ABSOLUTE
    _printf_ls                               0x00000000   Number         0  stubs.o ABSOLUTE
    _printf_mbtowc                           0x00000000   Number         0  stubs.o ABSOLUTE
    _printf_n                                0x00000000   Number         0  stubs.o ABSOLUTE
    _printf_o                                0x00000000   Number         0  stubs.o ABSOLUTE
    _printf_p                                0x00000000   Number         0  stubs.o ABSOLUTE
    _printf_percent                          0x00000000   Number         0  stubs.o ABSOLUTE
    _printf_pre_padding                      0x00000000   Number         0  stubs.o ABSOLUTE
    _printf_return_value                     0x00000000   Number         0  stubs.o ABSOLUTE
    _printf_s                                0x00000000   Number         0  stubs.o ABSOLUTE
    _printf_sizespec                         0x00000000   Number         0  stubs.o ABSOLUTE
    _printf_str                              0x00000000   Number         0  stubs.o ABSOLUTE
    _printf_truncate_signed                  0x00000000   Number         0  stubs.o ABSOLUTE
    _printf_truncate_unsigned                0x00000000   Number         0  stubs.o ABSOLUTE
    _printf_u                                0x00000000   Number         0  stubs.o ABSOLUTE
    _printf_wc                               0x00000000   Number         0  stubs.o ABSOLUTE
    _printf_wctomb                           0x00000000   Number         0  stubs.o ABSOLUTE
    _printf_widthprec                        0x00000000   Number         0  stubs.o ABSOLUTE
    _printf_x                                0x00000000   Number         0  stubs.o ABSOLUTE
    __cpp_initialize__aeabi_                  - Undefined Weak Reference
    __cxa_finalize                            - Undefined Weak Reference
    __decompress                              - Undefined Weak Reference
    _clock_init                               - Undefined Weak Reference
    _microlib_exit                            - Undefined Weak Reference
    __Vectors_Size                           0x00000194   Number         0  startup_stm32f401xc.o ABSOLUTE
    __Vectors                                0x08000000   Data           4  startup_stm32f401xc.o(RESET)
    __Vectors_End                            0x08000194   Data           0  startup_stm32f401xc.o(RESET)
    __main                                   0x08000195   Thumb Code     0  entry.o(.ARM.Collect$$$$00000000)
    _main_stk                                0x08000195   Thumb Code     0  entry2.o(.ARM.Collect$$$$00000001)
    _main_scatterload                        0x08000199   Thumb Code     0  entry5.o(.ARM.Collect$$$$00000004)
    __main_after_scatterload                 0x0800019d   Thumb Code     0  entry5.o(.ARM.Collect$$$$00000004)
    _main_clock                              0x0800019d   Thumb Code     0  entry7b.o(.ARM.Collect$$$$00000008)
    _main_cpp_init                           0x0800019d   Thumb Code     0  entry8b.o(.ARM.Collect$$$$0000000A)
    _main_init                               0x0800019d   Thumb Code     0  entry9a.o(.ARM.Collect$$$$0000000B)
    __rt_final_cpp                           0x080001a5   Thumb Code     0  entry10a.o(.ARM.Collect$$$$0000000D)
    __rt_final_exit                          0x080001a5   Thumb Code     0  entry11a.o(.ARM.Collect$$$$0000000F)
    Reset_Handler                            0x080001a9   Thumb Code     8  startup_stm32f401xc.o(.text)
    ADC_IRQHandler                           0x080001c3   Thumb Code     0  startup_stm32f401xc.o(.text)
    DMA1_Stream0_IRQHandler                  0x080001c3   Thumb Code     0  startup_stm32f401xc.o(.text)
    DMA1_Stream1_IRQHandler                  0x080001c3   Thumb Code     0  startup_stm32f401xc.o(.text)
    DMA1_Stream2_IRQHandler                  0x080001c3   Thumb Code     0  startup_stm32f401xc.o(.text)
    DMA1_Stream3_IRQHandler                  0x080001c3   Thumb Code     0  startup_stm32f401xc.o(.text)
    DMA1_Stream4_IRQHandler                  0x080001c3   Thumb Code     0  startup_stm32f401xc.o(.text)
    DMA1_Stream5_IRQHandler                  0x080001c3   Thumb Code     0  startup_stm32f401xc.o(.text)
    DMA1_Stream6_IRQHandler                  0x080001c3   Thumb Code     0  startup_stm32f401xc.o(.text)
    DMA1_Stream7_IRQHandler                  0x080001c3   Thumb Code     0  startup_stm32f401xc.o(.text)
    DMA2_Stream0_IRQHandler                  0x080001c3   Thumb Code     0  startup_stm32f401xc.o(.text)
    DMA2_Stream1_IRQHandler                  0x080001c3   Thumb Code     0  startup_stm32f401xc.o(.text)
    DMA2_Stream2_IRQHandler                  0x080001c3   Thumb Code     0  startup_stm32f401xc.o(.text)
    DMA2_Stream3_IRQHandler                  0x080001c3   Thumb Code     0  startup_stm32f401xc.o(.text)
    DMA2_Stream4_IRQHandler                  0x080001c3   Thumb Code     0  startup_stm32f401xc.o(.text)
    DMA2_Stream5_IRQHandler                  0x080001c3   Thumb Code     0  startup_stm32f401xc.o(.text)
    DMA2_Stream6_IRQHandler                  0x080001c3   Thumb Code     0  startup_stm32f401xc.o(.text)
    DMA2_Stream7_IRQHandler                  0x080001c3   Thumb Code     0  startup_stm32f401xc.o(.text)
    EXTI0_IRQHandler                         0x080001c3   Thumb Code     0  startup_stm32f401xc.o(.text)
    EXTI15_10_IRQHandler                     0x080001c3   Thumb Code     0  startup_stm32f401xc.o(.text)
    EXTI1_IRQHandler                         0x080001c3   Thumb Code     0  startup_stm32f401xc.o(.text)
    EXTI2_IRQHandler                         0x080001c3   Thumb Code     0  startup_stm32f401xc.o(.text)
    EXTI3_IRQHandler                         0x080001c3   Thumb Code     0  startup_stm32f401xc.o(.text)
    EXTI4_IRQHandler                         0x080001c3   Thumb Code     0  startup_stm32f401xc.o(.text)
    EXTI9_5_IRQHandler                       0x080001c3   Thumb Code     0  startup_stm32f401xc.o(.text)
    FLASH_IRQHandler                         0x080001c3   Thumb Code     0  startup_stm32f401xc.o(.text)
    FPU_IRQHandler                           0x080001c3   Thumb Code     0  startup_stm32f401xc.o(.text)
    I2C1_ER_IRQHandler                       0x080001c3   Thumb Code     0  startup_stm32f401xc.o(.text)
    I2C1_EV_IRQHandler                       0x080001c3   Thumb Code     0  startup_stm32f401xc.o(.text)
    I2C2_ER_IRQHandler                       0x080001c3   Thumb Code     0  startup_stm32f401xc.o(.text)
    I2C2_EV_IRQHandler                       0x080001c3   Thumb Code     0  startup_stm32f401xc.o(.text)
    I2C3_ER_IRQHandler                       0x080001c3   Thumb Code     0  startup_stm32f401xc.o(.text)
    I2C3_EV_IRQHandler                       0x080001c3   Thumb Code     0  startup_stm32f401xc.o(.text)
    OTG_FS_IRQHandler                        0x080001c3   Thumb Code     0  startup_stm32f401xc.o(.text)
    OTG_FS_WKUP_IRQHandler                   0x080001c3   Thumb Code     0  startup_stm32f401xc.o(.text)
    PVD_IRQHandler                           0x080001c3   Thumb Code     0  startup_stm32f401xc.o(.text)
    RCC_IRQHandler                           0x080001c3   Thumb Code     0  startup_stm32f401xc.o(.text)
    RTC_Alarm_IRQHandler                     0x080001c3   Thumb Code     0  startup_stm32f401xc.o(.text)
    RTC_WKUP_IRQHandler                      0x080001c3   Thumb Code     0  startup_stm32f401xc.o(.text)
    SDIO_IRQHandler                          0x080001c3   Thumb Code     0  startup_stm32f401xc.o(.text)
    SPI1_IRQHandler                          0x080001c3   Thumb Code     0  startup_stm32f401xc.o(.text)
    SPI2_IRQHandler                          0x080001c3   Thumb Code     0  startup_stm32f401xc.o(.text)
    SPI3_IRQHandler                          0x080001c3   Thumb Code     0  startup_stm32f401xc.o(.text)
    SPI4_IRQHandler                          0x080001c3   Thumb Code     0  startup_stm32f401xc.o(.text)
    TAMP_STAMP_IRQHandler                    0x080001c3   Thumb Code     0  startup_stm32f401xc.o(.text)
    TIM1_BRK_TIM9_IRQHandler                 0x080001c3   Thumb Code     0  startup_stm32f401xc.o(.text)
    TIM1_CC_IRQHandler                       0x080001c3   Thumb Code     0  startup_stm32f401xc.o(.text)
    TIM1_UP_TIM10_IRQHandler                 0x080001c3   Thumb Code     0  startup_stm32f401xc.o(.text)
    TIM2_IRQHandler                          0x080001c3   Thumb Code     0  startup_stm32f401xc.o(.text)
    TIM3_IRQHandler                          0x080001c3   Thumb Code     0  startup_stm32f401xc.o(.text)
    TIM4_IRQHandler                          0x080001c3   Thumb Code     0  startup_stm32f401xc.o(.text)
    TIM5_IRQHandler                          0x080001c3   Thumb Code     0  startup_stm32f401xc.o(.text)
    USART1_IRQHandler                        0x080001c3   Thumb Code     0  startup_stm32f401xc.o(.text)
    USART6_IRQHandler                        0x080001c3   Thumb Code     0  startup_stm32f401xc.o(.text)
    WWDG_IRQHandler                          0x080001c3   Thumb Code     0  startup_stm32f401xc.o(.text)
    __aeabi_uldivmod                         0x080001cd   Thumb Code    98  uldiv.o(.text)
    __aeabi_ldivmod                          0x0800022f   Thumb Code    98  ldiv.o(.text)
    __aeabi_memset                           0x08000291   Thumb Code    14  memseta.o(.text)
    __aeabi_memset4                          0x08000291   Thumb Code     0  memseta.o(.text)
    __aeabi_memset8                          0x08000291   Thumb Code     0  memseta.o(.text)
    __aeabi_memclr                           0x0800029f   Thumb Code     4  memseta.o(.text)
    __aeabi_memclr4                          0x0800029f   Thumb Code     0  memseta.o(.text)
    __aeabi_memclr8                          0x0800029f   Thumb Code     0  memseta.o(.text)
    _memset$wrapper                          0x080002a3   Thumb Code    18  memseta.o(.text)
    memcmp                                   0x080002b5   Thumb Code    26  memcmp.o(.text)
    __aeabi_dadd                             0x080002cf   Thumb Code   322  dadd.o(.text)
    __aeabi_dsub                             0x08000411   Thumb Code     6  dadd.o(.text)
    __aeabi_drsub                            0x08000417   Thumb Code     6  dadd.o(.text)
    __aeabi_dmul                             0x0800041d   Thumb Code   228  dmul.o(.text)
    __aeabi_ddiv                             0x08000501   Thumb Code   222  ddiv.o(.text)
    __aeabi_i2d                              0x080005df   Thumb Code    34  dflti.o(.text)
    __aeabi_f2d                              0x08000601   Thumb Code    38  f2d.o(.text)
    __aeabi_d2f                              0x08000627   Thumb Code    56  d2f.o(.text)
    __aeabi_uidiv                            0x0800065f   Thumb Code     0  uidiv.o(.text)
    __aeabi_uidivmod                         0x0800065f   Thumb Code    44  uidiv.o(.text)
    __aeabi_llsl                             0x0800068b   Thumb Code    30  llshl.o(.text)
    _ll_shift_l                              0x0800068b   Thumb Code     0  llshl.o(.text)
    __aeabi_llsr                             0x080006a9   Thumb Code    32  llushr.o(.text)
    _ll_ushift_r                             0x080006a9   Thumb Code     0  llushr.o(.text)
    __aeabi_lasr                             0x080006c9   Thumb Code    36  llsshr.o(.text)
    _ll_sshift_r                             0x080006c9   Thumb Code     0  llsshr.o(.text)
    __I$use$fp                               0x080006ed   Thumb Code     0  iusefp.o(.text)
    _float_round                             0x080006ed   Thumb Code    18  fepilogue.o(.text)
    _float_epilogue                          0x080006ff   Thumb Code    92  fepilogue.o(.text)
    _double_round                            0x0800075b   Thumb Code    30  depilogue.o(.text)
    _double_epilogue                         0x08000779   Thumb Code   156  depilogue.o(.text)
    __aeabi_d2ulz                            0x08000815   Thumb Code    48  dfixul.o(.text)
    __aeabi_cdrcmple                         0x08000845   Thumb Code    48  cdrcmple.o(.text)
    __scatterload                            0x08000875   Thumb Code    28  init.o(.text)
    __scatterload_rt2                        0x08000875   Thumb Code     0  init.o(.text)
    __I$use$semihosting$fputc                0x08000899   Thumb Code     0  iusesemip.o(.text)
    __semihosting_library_function           0x08000899   Thumb Code     0  semi.o(.text)
    _dsqrt                                   0x08000899   Thumb Code   162  dsqrt.o(.text)
    AGVBalancePdCtrl                         0x08000a9d   Thumb Code   218  pidctrller.o(i.AGVBalancePdCtrl)
    AGVImuDataUpdate                         0x08000b99   Thumb Code    50  pidctrller.o(i.AGVImuDataUpdate)
    AngelCtrl                                0x08000bd1   Thumb Code    76  comhandle.o(i.AngelCtrl)
    BusFault_Handler                         0x08000c29   Thumb Code     4  stm32f4xx_it.o(i.BusFault_Handler)
    DebugMon_Handler                         0x08000c2d   Thumb Code     2  stm32f4xx_it.o(i.DebugMon_Handler)
    Error_Handler                            0x08000c2f   Thumb Code     2  main.o(i.Error_Handler)
    HAL_ADC_ConfigChannel                    0x08000c31   Thumb Code   380  stm32f4xx_hal_adc.o(i.HAL_ADC_ConfigChannel)
    HAL_ADC_Init                             0x08000dbd   Thumb Code   100  stm32f4xx_hal_adc.o(i.HAL_ADC_Init)
    HAL_ADC_MspInit                          0x08000e25   Thumb Code   112  adc.o(i.HAL_ADC_MspInit)
    HAL_DMA_Abort_IT                         0x08000ea1   Thumb Code    40  stm32f4xx_hal_dma.o(i.HAL_DMA_Abort_IT)
    HAL_Delay                                0x08000ec9   Thumb Code    36  stm32f4xx_hal.o(i.HAL_Delay)
    HAL_GPIO_Init                            0x08000ef1   Thumb Code   436  stm32f4xx_hal_gpio.o(i.HAL_GPIO_Init)
    HAL_GPIO_ReadPin                         0x080010c5   Thumb Code    16  stm32f4xx_hal_gpio.o(i.HAL_GPIO_ReadPin)
    HAL_GPIO_WritePin                        0x080010d5   Thumb Code    12  stm32f4xx_hal_gpio.o(i.HAL_GPIO_WritePin)
    HAL_GetTick                              0x080010e1   Thumb Code     6  stm32f4xx_hal.o(i.HAL_GetTick)
    HAL_IncTick                              0x080010ed   Thumb Code    16  stm32f4xx_hal.o(i.HAL_IncTick)
    HAL_Init                                 0x08001105   Thumb Code    54  stm32f4xx_hal.o(i.HAL_Init)
    HAL_InitTick                             0x08001141   Thumb Code    64  stm32f4xx_hal.o(i.HAL_InitTick)
    HAL_MspInit                              0x0800118d   Thumb Code    68  stm32f4xx_hal_msp.o(i.HAL_MspInit)
    HAL_NVIC_EnableIRQ                       0x080011d5   Thumb Code    32  stm32f4xx_hal_cortex.o(i.HAL_NVIC_EnableIRQ)
    HAL_NVIC_SetPriority                     0x080011f5   Thumb Code   124  stm32f4xx_hal_cortex.o(i.HAL_NVIC_SetPriority)
    HAL_NVIC_SetPriorityGrouping             0x08001271   Thumb Code    32  stm32f4xx_hal_cortex.o(i.HAL_NVIC_SetPriorityGrouping)
    HAL_RCC_ClockConfig                      0x08001299   Thumb Code   366  stm32f4xx_hal_rcc.o(i.HAL_RCC_ClockConfig)
    HAL_RCC_GetHCLKFreq                      0x08001419   Thumb Code     6  stm32f4xx_hal_rcc.o(i.HAL_RCC_GetHCLKFreq)
    HAL_RCC_GetPCLK1Freq                     0x08001425   Thumb Code    22  stm32f4xx_hal_rcc.o(i.HAL_RCC_GetPCLK1Freq)
    HAL_RCC_GetPCLK2Freq                     0x08001445   Thumb Code    22  stm32f4xx_hal_rcc.o(i.HAL_RCC_GetPCLK2Freq)
    HAL_RCC_GetSysClockFreq                  0x08001465   Thumb Code   162  stm32f4xx_hal_rcc.o(i.HAL_RCC_GetSysClockFreq)
    HAL_RCC_OscConfig                        0x08001515   Thumb Code  1086  stm32f4xx_hal_rcc.o(i.HAL_RCC_OscConfig)
    HAL_SYSTICK_Config                       0x0800195d   Thumb Code    52  stm32f4xx_hal_cortex.o(i.HAL_SYSTICK_Config)
    HAL_TIMEx_BreakCallback                  0x08001991   Thumb Code     2  stm32f4xx_hal_tim_ex.o(i.HAL_TIMEx_BreakCallback)
    HAL_TIMEx_CommutCallback                 0x08001993   Thumb Code     2  stm32f4xx_hal_tim_ex.o(i.HAL_TIMEx_CommutCallback)
    HAL_TIMEx_ConfigBreakDeadTime            0x08001995   Thumb Code   116  stm32f4xx_hal_tim_ex.o(i.HAL_TIMEx_ConfigBreakDeadTime)
    HAL_TIMEx_MasterConfigSynchronization    0x08001a09   Thumb Code    84  stm32f4xx_hal_tim_ex.o(i.HAL_TIMEx_MasterConfigSynchronization)
    HAL_TIM_Base_Init                        0x08001a5d   Thumb Code    52  stm32f4xx_hal_tim.o(i.HAL_TIM_Base_Init)
    HAL_TIM_Base_MspInit                     0x08001a91   Thumb Code   120  tim.o(i.HAL_TIM_Base_MspInit)
    HAL_TIM_ConfigClockSource                0x08001b15   Thumb Code   264  stm32f4xx_hal_tim.o(i.HAL_TIM_ConfigClockSource)
    HAL_TIM_Encoder_Init                     0x08001c1d   Thumb Code   174  stm32f4xx_hal_tim.o(i.HAL_TIM_Encoder_Init)
    HAL_TIM_Encoder_MspInit                  0x08001ccd   Thumb Code   286  tim.o(i.HAL_TIM_Encoder_MspInit)
    HAL_TIM_Encoder_Start                    0x08001dfd   Thumb Code    78  stm32f4xx_hal_tim.o(i.HAL_TIM_Encoder_Start)
    HAL_TIM_IC_CaptureCallback               0x08001e4b   Thumb Code     2  stm32f4xx_hal_tim.o(i.HAL_TIM_IC_CaptureCallback)
    HAL_TIM_IRQHandler                       0x08001e4d   Thumb Code   406  stm32f4xx_hal_tim.o(i.HAL_TIM_IRQHandler)
    HAL_TIM_MspPostInit                      0x08001fe5   Thumb Code   114  tim.o(i.HAL_TIM_MspPostInit)
    HAL_TIM_OC_DelayElapsedCallback          0x08002065   Thumb Code     2  stm32f4xx_hal_tim.o(i.HAL_TIM_OC_DelayElapsedCallback)
    HAL_TIM_PWM_ConfigChannel                0x08002067   Thumb Code   264  stm32f4xx_hal_tim.o(i.HAL_TIM_PWM_ConfigChannel)
    HAL_TIM_PWM_Init                         0x0800216f   Thumb Code    52  stm32f4xx_hal_tim.o(i.HAL_TIM_PWM_Init)
    HAL_TIM_PWM_MspInit                      0x080021a3   Thumb Code     2  stm32f4xx_hal_tim.o(i.HAL_TIM_PWM_MspInit)
    HAL_TIM_PWM_PulseFinishedCallback        0x080021a5   Thumb Code     2  stm32f4xx_hal_tim.o(i.HAL_TIM_PWM_PulseFinishedCallback)
    HAL_TIM_PWM_Start                        0x080021a9   Thumb Code    72  stm32f4xx_hal_tim.o(i.HAL_TIM_PWM_Start)
    HAL_TIM_PeriodElapsedCallback            0x080021f5   Thumb Code     2  stm32f4xx_hal_tim.o(i.HAL_TIM_PeriodElapsedCallback)
    HAL_TIM_TriggerCallback                  0x080021f7   Thumb Code     2  stm32f4xx_hal_tim.o(i.HAL_TIM_TriggerCallback)
    HAL_UART_ErrorCallback                   0x080021f9   Thumb Code     2  stm32f4xx_hal_uart.o(i.HAL_UART_ErrorCallback)
    HAL_UART_IRQHandler                      0x080021fd   Thumb Code   328  stm32f4xx_hal_uart.o(i.HAL_UART_IRQHandler)
    HAL_UART_Init                            0x08002349   Thumb Code   114  stm32f4xx_hal_uart.o(i.HAL_UART_Init)
    HAL_UART_MspInit                         0x080023bd   Thumb Code   138  usart.o(i.HAL_UART_MspInit)
    HAL_UART_RxCpltCallback                  0x08002455   Thumb Code     2  stm32f4xx_hal_uart.o(i.HAL_UART_RxCpltCallback)
    HAL_UART_TxCpltCallback                  0x08002457   Thumb Code     2  stm32f4xx_hal_uart.o(i.HAL_UART_TxCpltCallback)
    HardFault_Handler                        0x08002459   Thumb Code     4  stm32f4xx_it.o(i.HardFault_Handler)
    I2C_Ack                                  0x0800245d   Thumb Code    60  iiccom.o(i.I2C_Ack)
    I2C_GPIO_Config                          0x0800249d   Thumb Code    98  iiccom.o(i.I2C_GPIO_Config)
    I2C_NoAck                                0x08002509   Thumb Code    60  iiccom.o(i.I2C_NoAck)
    I2C_RadeByte                             0x08002549   Thumb Code    88  iiccom.o(i.I2C_RadeByte)
    I2C_SendByte                             0x080025a5   Thumb Code    94  iiccom.o(i.I2C_SendByte)
    I2C_Start                                0x08002609   Thumb Code    86  iiccom.o(i.I2C_Start)
    I2C_Stop                                 0x08002665   Thumb Code    60  iiccom.o(i.I2C_Stop)
    I2C_WaitAck                              0x080026a5   Thumb Code   104  iiccom.o(i.I2C_WaitAck)
    I2C_delay                                0x08002711   Thumb Code    14  iiccom.o(i.I2C_delay)
    MPU_Get_Accelerometer                    0x0800271f   Thumb Code    80  mpu6050.o(i.MPU_Get_Accelerometer)
    MPU_Get_Gyroscope                        0x0800276f   Thumb Code    80  mpu6050.o(i.MPU_Get_Gyroscope)
    MPU_Get_Temperature                      0x080027c1   Thumb Code   110  mpu6050.o(i.MPU_Get_Temperature)
    MPU_Read_Len                             0x08002845   Thumb Code   120  mpu6050.o(i.MPU_Read_Len)
    MPU_Write_Len                            0x080028bd   Thumb Code    96  mpu6050.o(i.MPU_Write_Len)
    MX_ADC1_Init                             0x0800291d   Thumb Code    98  adc.o(i.MX_ADC1_Init)
    MX_GPIO_Init                             0x0800298d   Thumb Code   208  gpio.o(i.MX_GPIO_Init)
    MX_TIM11_Init                            0x08002a69   Thumb Code    42  tim.o(i.MX_TIM11_Init)
    MX_TIM1_Init                             0x08002a9d   Thumb Code   254  tim.o(i.MX_TIM1_Init)
    MX_TIM2_Init                             0x08002ba5   Thumb Code   120  tim.o(i.MX_TIM2_Init)
    MX_TIM3_Init                             0x08002c21   Thumb Code   120  tim.o(i.MX_TIM3_Init)
    MX_USART2_UART_Init                      0x08002ca1   Thumb Code    46  usart.o(i.MX_USART2_UART_Init)
    MemManage_Handler                        0x08002cd9   Thumb Code     4  stm32f4xx_it.o(i.MemManage_Handler)
    MotorSpeedPidCtrl                        0x08002cdd   Thumb Code   614  pidctrller.o(i.MotorSpeedPidCtrl)
    MoveCtrl                                 0x08002f7d   Thumb Code   140  comhandle.o(i.MoveCtrl)
    NMI_Handler                              0x0800301d   Thumb Code     2  stm32f4xx_it.o(i.NMI_Handler)
    PID_Divider                              0x08003021   Thumb Code    64  pidctrller.o(i.PID_Divider)
    PendSV_Handler                           0x08003069   Thumb Code     2  stm32f4xx_it.o(i.PendSV_Handler)
    RxBufAnalysis                            0x0800306b   Thumb Code    50  comhandle.o(i.RxBufAnalysis)
    SVC_Handler                              0x0800309d   Thumb Code     2  stm32f4xx_it.o(i.SVC_Handler)
    SetTargetSpeed                           0x080030a1   Thumb Code    28  pidctrller.o(i.SetTargetSpeed)
    SysTick_Handler                          0x080030c1   Thumb Code    12  stm32f4xx_it.o(i.SysTick_Handler)
    SystemClock_Config                       0x080030cd   Thumb Code   172  main.o(i.SystemClock_Config)
    SystemInit                               0x08003181   Thumb Code    82  system_stm32f4xx.o(i.SystemInit)
    TIM1_TRG_COM_TIM11_IRQHandler            0x080031e5   Thumb Code    16  stm32f4xx_it.o(i.TIM1_TRG_COM_TIM11_IRQHandler)
    TIM_Base_SetConfig                       0x080031fd   Thumb Code   134  stm32f4xx_hal_tim.o(i.TIM_Base_SetConfig)
    TIM_CCxChannelCmd                        0x080032a1   Thumb Code    34  stm32f4xx_hal_tim.o(i.TIM_CCxChannelCmd)
    TIM_ETR_SetConfig                        0x080032c3   Thumb Code    22  stm32f4xx_hal_tim.o(i.TIM_ETR_SetConfig)
    TIM_OC2_SetConfig                        0x0800334d   Thumb Code   100  stm32f4xx_hal_tim.o(i.TIM_OC2_SetConfig)
    TMAGV_Interrupt                          0x080034b3   Thumb Code     8  tmagv.o(i.TMAGV_Interrupt)
    TMAGV_Loop                               0x080034bb   Thumb Code     8  tmagv.o(i.TMAGV_Loop)
    TMAGV_Setup                              0x080034c5   Thumb Code   138  tmagv.o(i.TMAGV_Setup)
    USART2_IRQHandler                        0x08003a45   Thumb Code    34  stm32f4xx_it.o(i.USART2_IRQHandler)
    UsageFault_Handler                       0x08003a71   Thumb Code     4  stm32f4xx_it.o(i.UsageFault_Handler)
    Usart2TxStr                              0x08003a75   Thumb Code    34  comhandle.o(i.Usart2TxStr)
    UsartRxToBuf                             0x08003a9d   Thumb Code    72  comhandle.o(i.UsartRxToBuf)
    __0printf                                0x08003ae9   Thumb Code    22  printfa.o(i.__0printf)
    __1printf                                0x08003ae9   Thumb Code     0  printfa.o(i.__0printf)
    __2printf                                0x08003ae9   Thumb Code     0  printfa.o(i.__0printf)
    __c89printf                              0x08003ae9   Thumb Code     0  printfa.o(i.__0printf)
    printf                                   0x08003ae9   Thumb Code     0  printfa.o(i.__0printf)
    __0sprintf                               0x08003b09   Thumb Code    34  printfa.o(i.__0sprintf)
    __1sprintf                               0x08003b09   Thumb Code     0  printfa.o(i.__0sprintf)
    __2sprintf                               0x08003b09   Thumb Code     0  printfa.o(i.__0sprintf)
    __c89sprintf                             0x08003b09   Thumb Code     0  printfa.o(i.__0sprintf)
    sprintf                                  0x08003b09   Thumb Code     0  printfa.o(i.__0sprintf)
    __ARM_fpclassify                         0x08003b31   Thumb Code    48  fpclassify.o(i.__ARM_fpclassify)
    __hardfp_asin                            0x08003b99   Thumb Code   770  asin.o(i.__hardfp_asin)
    __hardfp_atan                            0x08003ef9   Thumb Code   622  atan.o(i.__hardfp_atan)
    __hardfp_atan2                           0x080041d1   Thumb Code   432  atan2.o(i.__hardfp_atan2)
    __kernel_poly                            0x080043c1   Thumb Code   248  poly.o(i.__kernel_poly)
    __mathlib_dbl_infnan                     0x080044b9   Thumb Code    20  dunder.o(i.__mathlib_dbl_infnan)
    __mathlib_dbl_infnan2                    0x080044cd   Thumb Code    20  dunder.o(i.__mathlib_dbl_infnan2)
    __mathlib_dbl_invalid                    0x080044e1   Thumb Code    24  dunder.o(i.__mathlib_dbl_invalid)
    __mathlib_dbl_underflow                  0x08004501   Thumb Code    24  dunder.o(i.__mathlib_dbl_underflow)
    __scatterload_copy                       0x08004521   Thumb Code    14  handlers.o(i.__scatterload_copy)
    __scatterload_null                       0x0800452f   Thumb Code     2  handlers.o(i.__scatterload_null)
    __scatterload_zeroinit                   0x08004531   Thumb Code    14  handlers.o(i.__scatterload_zeroinit)
    __set_errno                              0x08004541   Thumb Code     6  errno.o(i.__set_errno)
    atan                                     0x08004ec9   Thumb Code    16  atan.o(i.atan)
    comHandle_Loop                           0x08004ed9   Thumb Code    10  comhandle.o(i.comHandle_Loop)
    dmp_enable_6x_lp_quat                    0x08004f4d   Thumb Code    60  inv_mpu_dmp_motion_driver.o(i.dmp_enable_6x_lp_quat)
    dmp_enable_feature                       0x08004f89   Thumb Code   530  inv_mpu_dmp_motion_driver.o(i.dmp_enable_feature)
    dmp_enable_gyro_cal                      0x080051a5   Thumb Code    62  inv_mpu_dmp_motion_driver.o(i.dmp_enable_gyro_cal)
    dmp_enable_lp_quat                       0x080051fd   Thumb Code    60  inv_mpu_dmp_motion_driver.o(i.dmp_enable_lp_quat)
    dmp_load_motion_driver_firmware          0x08005239   Thumb Code    20  inv_mpu_dmp_motion_driver.o(i.dmp_load_motion_driver_firmware)
    dmp_read_fifo                            0x08005251   Thumb Code   456  inv_mpu_dmp_motion_driver.o(i.dmp_read_fifo)
    dmp_set_accel_bias                       0x0800541d   Thumb Code   300  inv_mpu_dmp_motion_driver.o(i.dmp_set_accel_bias)
    dmp_set_fifo_rate                        0x0800554d   Thumb Code    96  inv_mpu_dmp_motion_driver.o(i.dmp_set_fifo_rate)
    dmp_set_gyro_bias                        0x080055bd   Thumb Code   294  inv_mpu_dmp_motion_driver.o(i.dmp_set_gyro_bias)
    dmp_set_orientation                      0x080056ed   Thumb Code   290  inv_mpu_dmp_motion_driver.o(i.dmp_set_orientation)
    dmp_set_shake_reject_thresh              0x08005825   Thumb Code    56  inv_mpu_dmp_motion_driver.o(i.dmp_set_shake_reject_thresh)
    dmp_set_shake_reject_time                0x0800585d   Thumb Code    38  inv_mpu_dmp_motion_driver.o(i.dmp_set_shake_reject_time)
    dmp_set_shake_reject_timeout             0x08005883   Thumb Code    38  inv_mpu_dmp_motion_driver.o(i.dmp_set_shake_reject_timeout)
    dmp_set_tap_axes                         0x080058a9   Thumb Code    70  inv_mpu_dmp_motion_driver.o(i.dmp_set_tap_axes)
    dmp_set_tap_count                        0x080058ef   Thumb Code    38  inv_mpu_dmp_motion_driver.o(i.dmp_set_tap_count)
    dmp_set_tap_thresh                       0x08005915   Thumb Code   412  inv_mpu_dmp_motion_driver.o(i.dmp_set_tap_thresh)
    dmp_set_tap_time                         0x08005ad5   Thumb Code    38  inv_mpu_dmp_motion_driver.o(i.dmp_set_tap_time)
    dmp_set_tap_time_multi                   0x08005afb   Thumb Code    38  inv_mpu_dmp_motion_driver.o(i.dmp_set_tap_time_multi)
    fabs                                     0x08005b21   Thumb Code    24  fabs.o(i.fabs)
    fputc                                    0x08005b39   Thumb Code    18  fputc.o(i.fputc)
    inv_orientation_matrix_to_scalar         0x080061a9   Thumb Code    40  inv_mpu.o(i.inv_orientation_matrix_to_scalar)
    inv_row_2_scale                          0x080061d1   Thumb Code    78  inv_mpu.o(i.inv_row_2_scale)
    main                                     0x0800621f   Thumb Code    48  main.o(i.main)
    mget_ms                                  0x0800624f   Thumb Code     2  inv_mpu.o(i.mget_ms)
    mpu_configure_fifo                       0x08006251   Thumb Code   106  inv_mpu.o(i.mpu_configure_fifo)
    mpu_dmp_get_data                         0x080062c1   Thumb Code   520  inv_mpu.o(i.mpu_dmp_get_data)
    mpu_dmp_init                             0x080064d9   Thumb Code   154  inv_mpu.o(i.mpu_dmp_init)
    mpu_get_accel_fsr                        0x08006579   Thumb Code    72  inv_mpu.o(i.mpu_get_accel_fsr)
    mpu_get_accel_sens                       0x080065c5   Thumb Code    78  inv_mpu.o(i.mpu_get_accel_sens)
    mpu_get_fifo_config                      0x08006619   Thumb Code    12  inv_mpu.o(i.mpu_get_fifo_config)
    mpu_get_gyro_fsr                         0x08006629   Thumb Code    64  inv_mpu.o(i.mpu_get_gyro_fsr)
    mpu_get_gyro_sens                        0x0800666d   Thumb Code    74  inv_mpu.o(i.mpu_get_gyro_sens)
    mpu_get_lpf                              0x080066cd   Thumb Code    74  inv_mpu.o(i.mpu_get_lpf)
    mpu_get_sample_rate                      0x0800671d   Thumb Code    26  inv_mpu.o(i.mpu_get_sample_rate)
    mpu_init                                 0x0800673d   Thumb Code   416  inv_mpu.o(i.mpu_init)
    mpu_load_firmware                        0x0800692d   Thumb Code   180  inv_mpu.o(i.mpu_load_firmware)
    mpu_lp_accel_mode                        0x080069e5   Thumb Code   218  inv_mpu.o(i.mpu_lp_accel_mode)
    mpu_read_fifo_stream                     0x08006ac5   Thumb Code   186  inv_mpu.o(i.mpu_read_fifo_stream)
    mpu_read_mem                             0x08006b85   Thumb Code   122  inv_mpu.o(i.mpu_read_mem)
    mpu_reset_fifo                           0x08006c05   Thumb Code   450  inv_mpu.o(i.mpu_reset_fifo)
    mpu_run_self_test                        0x08006dcd   Thumb Code   278  inv_mpu.o(i.mpu_run_self_test)
    mpu_set_accel_fsr                        0x08006ee9   Thumb Code   126  inv_mpu.o(i.mpu_set_accel_fsr)
    mpu_set_bypass                           0x08006f6d   Thumb Code   328  inv_mpu.o(i.mpu_set_bypass)
    mpu_set_dmp_state                        0x080070b9   Thumb Code   138  inv_mpu.o(i.mpu_set_dmp_state)
    mpu_set_gyro_fsr                         0x08007149   Thumb Code   132  inv_mpu.o(i.mpu_set_gyro_fsr)
    mpu_set_int_latched                      0x080071d1   Thumb Code   102  inv_mpu.o(i.mpu_set_int_latched)
    mpu_set_lpf                              0x0800723d   Thumb Code   126  inv_mpu.o(i.mpu_set_lpf)
    mpu_set_sample_rate                      0x080072c1   Thumb Code   152  inv_mpu.o(i.mpu_set_sample_rate)
    mpu_set_sensors                          0x0800735d   Thumb Code   202  inv_mpu.o(i.mpu_set_sensors)
    mpu_write_mem                            0x0800742d   Thumb Code   122  inv_mpu.o(i.mpu_write_mem)
    run_self_test                            0x080074ad   Thumb Code   154  inv_mpu.o(i.run_self_test)
    setAngelOffset                           0x08007549   Thumb Code     6  pidctrller.o(i.setAngelOffset)
    setAngelSpd                              0x08007555   Thumb Code     6  pidctrller.o(i.setAngelSpd)
    setMotorPWM                              0x08007561   Thumb Code    58  pidctrller.o(i.setMotorPWM)
    sqrt                                     0x08007631   Thumb Code   110  sqrt.o(i.sqrt)
    updataSpeed                              0x080076a1   Thumb Code   218  pidctrller.o(i.updataSpeed)
    PARAM_PID                                0x080077a8   Data          12  pidctrller.o(.constdata)
    reg                                      0x080077b4   Data          27  inv_mpu.o(.constdata)
    hw                                       0x080077d0   Data          12  inv_mpu.o(.constdata)
    test                                     0x080077dc   Data          40  inv_mpu.o(.constdata)
    AHBPrescTable                            0x080083fa   Data          16  system_stm32f4xx.o(.constdata)
    APBPrescTable                            0x0800840a   Data           8  system_stm32f4xx.o(.constdata)
    __mathlib_zero                           0x08008500   Data           8  qnan.o(.constdata)
    Region$$Table$$Base                      0x08008558   Number         0  anon$$obj.o(Region$$Table)
    Region$$Table$$Limit                     0x08008578   Number         0  anon$$obj.o(Region$$Table)
    g_TargetSpeed                            0x20000000   Data           8  pidctrller.o(.data)
    g_MotorSpeed                             0x20000008   Data           8  pidctrller.o(.data)
    g_SpdCtrlOut                             0x20000010   Data           4  pidctrller.o(.data)
    g_AngelSet                               0x20000014   Data           2  pidctrller.o(.data)
    g_AngelSpd                               0x20000016   Data           2  pidctrller.o(.data)
    uwTick                                   0x20000058   Data           4  stm32f4xx_hal.o(.data)
    uwTickPrio                               0x2000005c   Data           4  stm32f4xx_hal.o(.data)
    uwTickFreq                               0x20000060   Data           1  stm32f4xx_hal.o(.data)
    SystemCoreClock                          0x20000064   Data           4  system_stm32f4xx.o(.data)
    __stdout                                 0x20000068   Data           4  stdout.o(.data)
    hadc1                                    0x20000070   Data          72  adc.o(.bss)
    htim1                                    0x200000b8   Data          64  tim.o(.bss)
    htim2                                    0x200000f8   Data          64  tim.o(.bss)
    htim3                                    0x20000138   Data          64  tim.o(.bss)
    htim11                                   0x20000178   Data          64  tim.o(.bss)
    huart2                                   0x200001b8   Data          64  usart.o(.bss)
    g_uartComData                            0x200001f8   Data         102  comhandle.o(.bss)
    g_IMU                                    0x20000260   Data          28  pidctrller.o(.bss)
    __initial_sp                             0x200006b8   Data           0  startup_stm32f401xc.o(STACK)



==============================================================================

Memory Map of the image

  Image Entry point : 0x08000195

  Load Region LR_IROM1 (Base: 0x08000000, Size: 0x000085e8, Max: 0x00040000, ABSOLUTE)

    Execution Region ER_IROM1 (Exec base: 0x08000000, Load base: 0x08000000, Size: 0x00008578, Max: 0x00040000, ABSOLUTE)

    Exec Addr    Load Addr    Size         Type   Attr      Idx    E Section Name        Object

    0x08000000   0x08000000   0x00000194   Data   RO            3    RESET               startup_stm32f401xc.o
    0x08000194   0x08000194   0x00000000   Code   RO         4338  * .ARM.Collect$$$$00000000  mc_w.l(entry.o)
    0x08000194   0x08000194   0x00000004   Code   RO         4675    .ARM.Collect$$$$00000001  mc_w.l(entry2.o)
    0x08000198   0x08000198   0x00000004   Code   RO         4678    .ARM.Collect$$$$00000004  mc_w.l(entry5.o)
    0x0800019c   0x0800019c   0x00000000   Code   RO         4680    .ARM.Collect$$$$00000008  mc_w.l(entry7b.o)
    0x0800019c   0x0800019c   0x00000000   Code   RO         4682    .ARM.Collect$$$$0000000A  mc_w.l(entry8b.o)
    0x0800019c   0x0800019c   0x00000008   Code   RO         4683    .ARM.Collect$$$$0000000B  mc_w.l(entry9a.o)
    0x080001a4   0x080001a4   0x00000000   Code   RO         4685    .ARM.Collect$$$$0000000D  mc_w.l(entry10a.o)
    0x080001a4   0x080001a4   0x00000000   Code   RO         4687    .ARM.Collect$$$$0000000F  mc_w.l(entry11a.o)
    0x080001a4   0x080001a4   0x00000004   Code   RO         4676    .ARM.Collect$$$$00002712  mc_w.l(entry2.o)
    0x080001a8   0x080001a8   0x00000024   Code   RO            4    .text               startup_stm32f401xc.o
    0x080001cc   0x080001cc   0x00000062   Code   RO         4341    .text               mc_w.l(uldiv.o)
    0x0800022e   0x0800022e   0x00000062   Code   RO         4343    .text               mc_w.l(ldiv.o)
    0x08000290   0x08000290   0x00000024   Code   RO         4345    .text               mc_w.l(memseta.o)
    0x080002b4   0x080002b4   0x0000001a   Code   RO         4347    .text               mc_w.l(memcmp.o)
    0x080002ce   0x080002ce   0x0000014e   Code   RO         4610    .text               mf_w.l(dadd.o)
    0x0800041c   0x0800041c   0x000000e4   Code   RO         4612    .text               mf_w.l(dmul.o)
    0x08000500   0x08000500   0x000000de   Code   RO         4614    .text               mf_w.l(ddiv.o)
    0x080005de   0x080005de   0x00000022   Code   RO         4616    .text               mf_w.l(dflti.o)
    0x08000600   0x08000600   0x00000026   Code   RO         4620    .text               mf_w.l(f2d.o)
    0x08000626   0x08000626   0x00000038   Code   RO         4622    .text               mf_w.l(d2f.o)
    0x0800065e   0x0800065e   0x0000002c   Code   RO         4692    .text               mc_w.l(uidiv.o)
    0x0800068a   0x0800068a   0x0000001e   Code   RO         4694    .text               mc_w.l(llshl.o)
    0x080006a8   0x080006a8   0x00000020   Code   RO         4696    .text               mc_w.l(llushr.o)
    0x080006c8   0x080006c8   0x00000024   Code   RO         4698    .text               mc_w.l(llsshr.o)
    0x080006ec   0x080006ec   0x00000000   Code   RO         4707    .text               mc_w.l(iusefp.o)
    0x080006ec   0x080006ec   0x0000006e   Code   RO         4708    .text               mf_w.l(fepilogue.o)
    0x0800075a   0x0800075a   0x000000ba   Code   RO         4710    .text               mf_w.l(depilogue.o)
    0x08000814   0x08000814   0x00000030   Code   RO         4714    .text               mf_w.l(dfixul.o)
    0x08000844   0x08000844   0x00000030   Code   RO         4716    .text               mf_w.l(cdrcmple.o)
    0x08000874   0x08000874   0x00000024   Code   RO         4718    .text               mc_w.l(init.o)
    0x08000898   0x08000898   0x00000000   Code   RO         4720    .text               mc_w.l(semi.o)
    0x08000898   0x08000898   0x00000000   Code   RO         4721    .text               mc_w.l(iusesemip.o)
    0x08000898   0x08000898   0x000000a2   Code   RO         4722    .text               mf_w.l(dsqrt.o)
    0x0800093a   0x0800093a   0x00000002   PAD
    0x0800093c   0x0800093c   0x00000160   Code   RO         1499    i.ADC_Init          stm32f4xx_hal_adc.o
    0x08000a9c   0x08000a9c   0x000000fc   Code   RO          615    i.AGVBalancePdCtrl  pidctrller.o
    0x08000b98   0x08000b98   0x00000038   Code   RO          616    i.AGVImuDataUpdate  pidctrller.o
    0x08000bd0   0x08000bd0   0x00000058   Code   RO          552    i.AngelCtrl         comhandle.o
    0x08000c28   0x08000c28   0x00000004   Code   RO          382    i.BusFault_Handler  stm32f4xx_it.o
    0x08000c2c   0x08000c2c   0x00000002   Code   RO          383    i.DebugMon_Handler  stm32f4xx_it.o
    0x08000c2e   0x08000c2e   0x00000002   Code   RO           13    i.Error_Handler     main.o
    0x08000c30   0x08000c30   0x0000018c   Code   RO         1501    i.HAL_ADC_ConfigChannel  stm32f4xx_hal_adc.o
    0x08000dbc   0x08000dbc   0x00000068   Code   RO         1510    i.HAL_ADC_Init      stm32f4xx_hal_adc.o
    0x08000e24   0x08000e24   0x0000007c   Code   RO          194    i.HAL_ADC_MspInit   adc.o
    0x08000ea0   0x08000ea0   0x00000028   Code   RO         2313    i.HAL_DMA_Abort_IT  stm32f4xx_hal_dma.o
    0x08000ec8   0x08000ec8   0x00000028   Code   RO         2760    i.HAL_Delay         stm32f4xx_hal.o
    0x08000ef0   0x08000ef0   0x000001d4   Code   RO         2205    i.HAL_GPIO_Init     stm32f4xx_hal_gpio.o
    0x080010c4   0x080010c4   0x00000010   Code   RO         2207    i.HAL_GPIO_ReadPin  stm32f4xx_hal_gpio.o
    0x080010d4   0x080010d4   0x0000000c   Code   RO         2209    i.HAL_GPIO_WritePin  stm32f4xx_hal_gpio.o
    0x080010e0   0x080010e0   0x0000000c   Code   RO         2766    i.HAL_GetTick       stm32f4xx_hal.o
    0x080010ec   0x080010ec   0x00000018   Code   RO         2772    i.HAL_IncTick       stm32f4xx_hal.o
    0x08001104   0x08001104   0x0000003c   Code   RO         2773    i.HAL_Init          stm32f4xx_hal.o
    0x08001140   0x08001140   0x0000004c   Code   RO         2774    i.HAL_InitTick      stm32f4xx_hal.o
    0x0800118c   0x0800118c   0x00000048   Code   RO          473    i.HAL_MspInit       stm32f4xx_hal_msp.o
    0x080011d4   0x080011d4   0x00000020   Code   RO         2618    i.HAL_NVIC_EnableIRQ  stm32f4xx_hal_cortex.o
    0x080011f4   0x080011f4   0x0000007c   Code   RO         2624    i.HAL_NVIC_SetPriority  stm32f4xx_hal_cortex.o
    0x08001270   0x08001270   0x00000028   Code   RO         2625    i.HAL_NVIC_SetPriorityGrouping  stm32f4xx_hal_cortex.o
    0x08001298   0x08001298   0x00000180   Code   RO         1772    i.HAL_RCC_ClockConfig  stm32f4xx_hal_rcc.o
    0x08001418   0x08001418   0x0000000c   Code   RO         1777    i.HAL_RCC_GetHCLKFreq  stm32f4xx_hal_rcc.o
    0x08001424   0x08001424   0x00000020   Code   RO         1779    i.HAL_RCC_GetPCLK1Freq  stm32f4xx_hal_rcc.o
    0x08001444   0x08001444   0x00000020   Code   RO         1780    i.HAL_RCC_GetPCLK2Freq  stm32f4xx_hal_rcc.o
    0x08001464   0x08001464   0x000000b0   Code   RO         1781    i.HAL_RCC_GetSysClockFreq  stm32f4xx_hal_rcc.o
    0x08001514   0x08001514   0x00000448   Code   RO         1784    i.HAL_RCC_OscConfig  stm32f4xx_hal_rcc.o
    0x0800195c   0x0800195c   0x00000034   Code   RO         2629    i.HAL_SYSTICK_Config  stm32f4xx_hal_cortex.o
    0x08001990   0x08001990   0x00000002   Code   RO         3696    i.HAL_TIMEx_BreakCallback  stm32f4xx_hal_tim_ex.o
    0x08001992   0x08001992   0x00000002   Code   RO         3697    i.HAL_TIMEx_CommutCallback  stm32f4xx_hal_tim_ex.o
    0x08001994   0x08001994   0x00000074   Code   RO         3699    i.HAL_TIMEx_ConfigBreakDeadTime  stm32f4xx_hal_tim_ex.o
    0x08001a08   0x08001a08   0x00000054   Code   RO         3714    i.HAL_TIMEx_MasterConfigSynchronization  stm32f4xx_hal_tim_ex.o
    0x08001a5c   0x08001a5c   0x00000034   Code   RO         3010    i.HAL_TIM_Base_Init  stm32f4xx_hal_tim.o
    0x08001a90   0x08001a90   0x00000084   Code   RO          263    i.HAL_TIM_Base_MspInit  tim.o
    0x08001b14   0x08001b14   0x00000108   Code   RO         3019    i.HAL_TIM_ConfigClockSource  stm32f4xx_hal_tim.o
    0x08001c1c   0x08001c1c   0x000000ae   Code   RO         3028    i.HAL_TIM_Encoder_Init  stm32f4xx_hal_tim.o
    0x08001cca   0x08001cca   0x00000002   PAD
    0x08001ccc   0x08001ccc   0x00000130   Code   RO          265    i.HAL_TIM_Encoder_MspInit  tim.o
    0x08001dfc   0x08001dfc   0x0000004e   Code   RO         3031    i.HAL_TIM_Encoder_Start  stm32f4xx_hal_tim.o
    0x08001e4a   0x08001e4a   0x00000002   Code   RO         3039    i.HAL_TIM_IC_CaptureCallback  stm32f4xx_hal_tim.o
    0x08001e4c   0x08001e4c   0x00000196   Code   RO         3053    i.HAL_TIM_IRQHandler  stm32f4xx_hal_tim.o
    0x08001fe2   0x08001fe2   0x00000002   PAD
    0x08001fe4   0x08001fe4   0x00000080   Code   RO          266    i.HAL_TIM_MspPostInit  tim.o
    0x08002064   0x08002064   0x00000002   Code   RO         3056    i.HAL_TIM_OC_DelayElapsedCallback  stm32f4xx_hal_tim.o
    0x08002066   0x08002066   0x00000108   Code   RO         3077    i.HAL_TIM_PWM_ConfigChannel  stm32f4xx_hal_tim.o
    0x0800216e   0x0800216e   0x00000034   Code   RO         3080    i.HAL_TIM_PWM_Init  stm32f4xx_hal_tim.o
    0x080021a2   0x080021a2   0x00000002   Code   RO         3082    i.HAL_TIM_PWM_MspInit  stm32f4xx_hal_tim.o
    0x080021a4   0x080021a4   0x00000002   Code   RO         3083    i.HAL_TIM_PWM_PulseFinishedCallback  stm32f4xx_hal_tim.o
    0x080021a6   0x080021a6   0x00000002   PAD
    0x080021a8   0x080021a8   0x0000004c   Code   RO         3085    i.HAL_TIM_PWM_Start  stm32f4xx_hal_tim.o
    0x080021f4   0x080021f4   0x00000002   Code   RO         3091    i.HAL_TIM_PeriodElapsedCallback  stm32f4xx_hal_tim.o
    0x080021f6   0x080021f6   0x00000002   Code   RO         3096    i.HAL_TIM_TriggerCallback  stm32f4xx_hal_tim.o
    0x080021f8   0x080021f8   0x00000002   Code   RO         3968    i.HAL_UART_ErrorCallback  stm32f4xx_hal_uart.o
    0x080021fa   0x080021fa   0x00000002   PAD
    0x080021fc   0x080021fc   0x0000014c   Code   RO         3971    i.HAL_UART_IRQHandler  stm32f4xx_hal_uart.o
    0x08002348   0x08002348   0x00000072   Code   RO         3972    i.HAL_UART_Init     stm32f4xx_hal_uart.o
    0x080023ba   0x080023ba   0x00000002   PAD
    0x080023bc   0x080023bc   0x00000098   Code   RO          341    i.HAL_UART_MspInit  usart.o
    0x08002454   0x08002454   0x00000002   Code   RO         3978    i.HAL_UART_RxCpltCallback  stm32f4xx_hal_uart.o
    0x08002456   0x08002456   0x00000002   Code   RO         3983    i.HAL_UART_TxCpltCallback  stm32f4xx_hal_uart.o
    0x08002458   0x08002458   0x00000004   Code   RO          384    i.HardFault_Handler  stm32f4xx_it.o
    0x0800245c   0x0800245c   0x00000040   Code   RO         1397    i.I2C_Ack           iiccom.o
    0x0800249c   0x0800249c   0x0000006c   Code   RO         1398    i.I2C_GPIO_Config   iiccom.o
    0x08002508   0x08002508   0x00000040   Code   RO         1399    i.I2C_NoAck         iiccom.o
    0x08002548   0x08002548   0x0000005c   Code   RO         1400    i.I2C_RadeByte      iiccom.o
    0x080025a4   0x080025a4   0x00000064   Code   RO         1401    i.I2C_SendByte      iiccom.o
    0x08002608   0x08002608   0x0000005c   Code   RO         1402    i.I2C_Start         iiccom.o
    0x08002664   0x08002664   0x00000040   Code   RO         1403    i.I2C_Stop          iiccom.o
    0x080026a4   0x080026a4   0x0000006c   Code   RO         1404    i.I2C_WaitAck       iiccom.o
    0x08002710   0x08002710   0x0000000e   Code   RO         1405    i.I2C_delay         iiccom.o
    0x0800271e   0x0800271e   0x00000050   Code   RO          763    i.MPU_Get_Accelerometer  mpu6050.o
    0x0800276e   0x0800276e   0x00000050   Code   RO          764    i.MPU_Get_Gyroscope  mpu6050.o
    0x080027be   0x080027be   0x00000002   PAD
    0x080027c0   0x080027c0   0x00000084   Code   RO          765    i.MPU_Get_Temperature  mpu6050.o
    0x08002844   0x08002844   0x00000078   Code   RO          768    i.MPU_Read_Len      mpu6050.o
    0x080028bc   0x080028bc   0x00000060   Code   RO          774    i.MPU_Write_Len     mpu6050.o
    0x0800291c   0x0800291c   0x00000070   Code   RO          195    i.MX_ADC1_Init      adc.o
    0x0800298c   0x0800298c   0x000000dc   Code   RO          169    i.MX_GPIO_Init      gpio.o
    0x08002a68   0x08002a68   0x00000034   Code   RO          267    i.MX_TIM11_Init     tim.o
    0x08002a9c   0x08002a9c   0x00000108   Code   RO          268    i.MX_TIM1_Init      tim.o
    0x08002ba4   0x08002ba4   0x0000007c   Code   RO          269    i.MX_TIM2_Init      tim.o
    0x08002c20   0x08002c20   0x00000080   Code   RO          270    i.MX_TIM3_Init      tim.o
    0x08002ca0   0x08002ca0   0x00000038   Code   RO          342    i.MX_USART2_UART_Init  usart.o
    0x08002cd8   0x08002cd8   0x00000004   Code   RO          385    i.MemManage_Handler  stm32f4xx_it.o
    0x08002cdc   0x08002cdc   0x000002a0   Code   RO          617    i.MotorSpeedPidCtrl  pidctrller.o
    0x08002f7c   0x08002f7c   0x000000a0   Code   RO          553    i.MoveCtrl          comhandle.o
    0x0800301c   0x0800301c   0x00000002   Code   RO          386    i.NMI_Handler       stm32f4xx_it.o
    0x0800301e   0x0800301e   0x00000002   PAD
    0x08003020   0x08003020   0x00000048   Code   RO          618    i.PID_Divider       pidctrller.o
    0x08003068   0x08003068   0x00000002   Code   RO          387    i.PendSV_Handler    stm32f4xx_it.o
    0x0800306a   0x0800306a   0x00000032   Code   RO          554    i.RxBufAnalysis     comhandle.o
    0x0800309c   0x0800309c   0x00000002   Code   RO          388    i.SVC_Handler       stm32f4xx_it.o
    0x0800309e   0x0800309e   0x00000002   PAD
    0x080030a0   0x080030a0   0x00000020   Code   RO          619    i.SetTargetSpeed    pidctrller.o
    0x080030c0   0x080030c0   0x0000000c   Code   RO          389    i.SysTick_Handler   stm32f4xx_it.o
    0x080030cc   0x080030cc   0x000000b4   Code   RO           14    i.SystemClock_Config  main.o
    0x08003180   0x08003180   0x00000064   Code   RO         4279    i.SystemInit        system_stm32f4xx.o
    0x080031e4   0x080031e4   0x00000018   Code   RO          390    i.TIM1_TRG_COM_TIM11_IRQHandler  stm32f4xx_it.o
    0x080031fc   0x080031fc   0x000000a4   Code   RO         3098    i.TIM_Base_SetConfig  stm32f4xx_hal_tim.o
    0x080032a0   0x080032a0   0x00000022   Code   RO         3099    i.TIM_CCxChannelCmd  stm32f4xx_hal_tim.o
    0x080032c2   0x080032c2   0x00000016   Code   RO         3109    i.TIM_ETR_SetConfig  stm32f4xx_hal_tim.o
    0x080032d8   0x080032d8   0x00000012   Code   RO         3110    i.TIM_ITRx_SetConfig  stm32f4xx_hal_tim.o
    0x080032ea   0x080032ea   0x00000002   PAD
    0x080032ec   0x080032ec   0x00000060   Code   RO         3111    i.TIM_OC1_SetConfig  stm32f4xx_hal_tim.o
    0x0800334c   0x0800334c   0x00000068   Code   RO         3112    i.TIM_OC2_SetConfig  stm32f4xx_hal_tim.o
    0x080033b4   0x080033b4   0x00000068   Code   RO         3113    i.TIM_OC3_SetConfig  stm32f4xx_hal_tim.o
    0x0800341c   0x0800341c   0x00000048   Code   RO         3114    i.TIM_OC4_SetConfig  stm32f4xx_hal_tim.o
    0x08003464   0x08003464   0x00000026   Code   RO         3116    i.TIM_TI1_ConfigInputStage  stm32f4xx_hal_tim.o
    0x0800348a   0x0800348a   0x00000028   Code   RO         3118    i.TIM_TI2_ConfigInputStage  stm32f4xx_hal_tim.o
    0x080034b2   0x080034b2   0x00000008   Code   RO          497    i.TMAGV_Interrupt   tmagv.o
    0x080034ba   0x080034ba   0x00000008   Code   RO          498    i.TMAGV_Loop        tmagv.o
    0x080034c2   0x080034c2   0x00000002   PAD
    0x080034c4   0x080034c4   0x000000b4   Code   RO          499    i.TMAGV_Setup       tmagv.o
    0x08003578   0x08003578   0x00000014   Code   RO         3985    i.UART_DMAAbortOnError  stm32f4xx_hal_uart.o
    0x0800358c   0x0800358c   0x00000020   Code   RO         3995    i.UART_EndRxTransfer  stm32f4xx_hal_uart.o
    0x080035ac   0x080035ac   0x00000020   Code   RO         3996    i.UART_EndTransmit_IT  stm32f4xx_hal_uart.o
    0x080035cc   0x080035cc   0x000000a6   Code   RO         3998    i.UART_Receive_IT   stm32f4xx_hal_uart.o
    0x08003672   0x08003672   0x00000002   PAD
    0x08003674   0x08003674   0x00000368   Code   RO         3999    i.UART_SetConfig    stm32f4xx_hal_uart.o
    0x080039dc   0x080039dc   0x00000068   Code   RO         4000    i.UART_Transmit_IT  stm32f4xx_hal_uart.o
    0x08003a44   0x08003a44   0x0000002c   Code   RO          391    i.USART2_IRQHandler  stm32f4xx_it.o
    0x08003a70   0x08003a70   0x00000004   Code   RO          392    i.UsageFault_Handler  stm32f4xx_it.o
    0x08003a74   0x08003a74   0x00000028   Code   RO          556    i.Usart2TxStr       comhandle.o
    0x08003a9c   0x08003a9c   0x0000004c   Code   RO          557    i.UsartRxToBuf      comhandle.o
    0x08003ae8   0x08003ae8   0x00000020   Code   RO         4582    i.__0printf         mc_w.l(printfa.o)
    0x08003b08   0x08003b08   0x00000028   Code   RO         4584    i.__0sprintf        mc_w.l(printfa.o)
    0x08003b30   0x08003b30   0x00000030   Code   RO         4658    i.__ARM_fpclassify  m_wm.l(fpclassify.o)
    0x08003b60   0x08003b60   0x00000010   Code   RO         2631    i.__NVIC_GetPriorityGrouping  stm32f4xx_hal_cortex.o
    0x08003b70   0x08003b70   0x00000028   Code   RO         2632    i.__NVIC_SetPriority  stm32f4xx_hal_cortex.o
    0x08003b98   0x08003b98   0x00000360   Code   RO         4312    i.__hardfp_asin     m_wm.l(asin.o)
    0x08003ef8   0x08003ef8   0x000002d8   Code   RO         4624    i.__hardfp_atan     m_wm.l(atan.o)
    0x080041d0   0x080041d0   0x000001f0   Code   RO         4326    i.__hardfp_atan2    m_wm.l(atan2.o)
    0x080043c0   0x080043c0   0x000000f8   Code   RO         4660    i.__kernel_poly     m_wm.l(poly.o)
    0x080044b8   0x080044b8   0x00000014   Code   RO         4639    i.__mathlib_dbl_infnan  m_wm.l(dunder.o)
    0x080044cc   0x080044cc   0x00000014   Code   RO         4640    i.__mathlib_dbl_infnan2  m_wm.l(dunder.o)
    0x080044e0   0x080044e0   0x00000020   Code   RO         4641    i.__mathlib_dbl_invalid  m_wm.l(dunder.o)
    0x08004500   0x08004500   0x00000020   Code   RO         4644    i.__mathlib_dbl_underflow  m_wm.l(dunder.o)
    0x08004520   0x08004520   0x0000000e   Code   RO         4728    i.__scatterload_copy  mc_w.l(handlers.o)
    0x0800452e   0x0800452e   0x00000002   Code   RO         4729    i.__scatterload_null  mc_w.l(handlers.o)
    0x08004530   0x08004530   0x0000000e   Code   RO         4730    i.__scatterload_zeroinit  mc_w.l(handlers.o)
    0x0800453e   0x0800453e   0x00000002   PAD
    0x08004540   0x08004540   0x0000000c   Code   RO         4702    i.__set_errno       mc_w.l(errno.o)
    0x0800454c   0x0800454c   0x00000184   Code   RO         4589    i._fp_digits        mc_w.l(printfa.o)
    0x080046d0   0x080046d0   0x000006dc   Code   RO         4590    i._printf_core      mc_w.l(printfa.o)
    0x08004dac   0x08004dac   0x00000024   Code   RO         4591    i._printf_post_padding  mc_w.l(printfa.o)
    0x08004dd0   0x08004dd0   0x0000002e   Code   RO         4592    i._printf_pre_padding  mc_w.l(printfa.o)
    0x08004dfe   0x08004dfe   0x0000000a   Code   RO         4594    i._sputc            mc_w.l(printfa.o)
    0x08004e08   0x08004e08   0x000000c0   Code   RO          853    i.accel_self_test   inv_mpu.o
    0x08004ec8   0x08004ec8   0x00000010   Code   RO         4626    i.atan              m_wm.l(atan.o)
    0x08004ed8   0x08004ed8   0x00000010   Code   RO          558    i.comHandle_Loop    comhandle.o
    0x08004ee8   0x08004ee8   0x00000064   Code   RO         1203    i.decode_gesture    inv_mpu_dmp_motion_driver.o
    0x08004f4c   0x08004f4c   0x0000003c   Code   RO         1204    i.dmp_enable_6x_lp_quat  inv_mpu_dmp_motion_driver.o
    0x08004f88   0x08004f88   0x0000021c   Code   RO         1205    i.dmp_enable_feature  inv_mpu_dmp_motion_driver.o
    0x080051a4   0x080051a4   0x00000058   Code   RO         1206    i.dmp_enable_gyro_cal  inv_mpu_dmp_motion_driver.o
    0x080051fc   0x080051fc   0x0000003c   Code   RO         1207    i.dmp_enable_lp_quat  inv_mpu_dmp_motion_driver.o
    0x08005238   0x08005238   0x00000018   Code   RO         1212    i.dmp_load_motion_driver_firmware  inv_mpu_dmp_motion_driver.o
    0x08005250   0x08005250   0x000001cc   Code   RO         1213    i.dmp_read_fifo     inv_mpu_dmp_motion_driver.o
    0x0800541c   0x0800541c   0x00000130   Code   RO         1216    i.dmp_set_accel_bias  inv_mpu_dmp_motion_driver.o
    0x0800554c   0x0800554c   0x00000070   Code   RO         1217    i.dmp_set_fifo_rate  inv_mpu_dmp_motion_driver.o
    0x080055bc   0x080055bc   0x00000130   Code   RO         1218    i.dmp_set_gyro_bias  inv_mpu_dmp_motion_driver.o
    0x080056ec   0x080056ec   0x00000138   Code   RO         1220    i.dmp_set_orientation  inv_mpu_dmp_motion_driver.o
    0x08005824   0x08005824   0x00000038   Code   RO         1223    i.dmp_set_shake_reject_thresh  inv_mpu_dmp_motion_driver.o
    0x0800585c   0x0800585c   0x00000026   Code   RO         1224    i.dmp_set_shake_reject_time  inv_mpu_dmp_motion_driver.o
    0x08005882   0x08005882   0x00000026   Code   RO         1225    i.dmp_set_shake_reject_timeout  inv_mpu_dmp_motion_driver.o
    0x080058a8   0x080058a8   0x00000046   Code   RO         1226    i.dmp_set_tap_axes  inv_mpu_dmp_motion_driver.o
    0x080058ee   0x080058ee   0x00000026   Code   RO         1227    i.dmp_set_tap_count  inv_mpu_dmp_motion_driver.o
    0x08005914   0x08005914   0x000001c0   Code   RO         1228    i.dmp_set_tap_thresh  inv_mpu_dmp_motion_driver.o
    0x08005ad4   0x08005ad4   0x00000026   Code   RO         1229    i.dmp_set_tap_time  inv_mpu_dmp_motion_driver.o
    0x08005afa   0x08005afa   0x00000026   Code   RO         1230    i.dmp_set_tap_time_multi  inv_mpu_dmp_motion_driver.o
    0x08005b20   0x08005b20   0x00000018   Code   RO         4654    i.fabs              m_wm.l(fabs.o)
    0x08005b38   0x08005b38   0x00000012   Code   RO         4689    i.fputc             mc_w.l(fputc.o)
    0x08005b4a   0x08005b4a   0x00000002   PAD
    0x08005b4c   0x08005b4c   0x000000d0   Code   RO          854    i.get_accel_prod_shift  inv_mpu.o
    0x08005c1c   0x08005c1c   0x00000470   Code   RO          855    i.get_st_biases     inv_mpu.o
    0x0800608c   0x0800608c   0x0000011c   Code   RO          856    i.gyro_self_test    inv_mpu.o
    0x080061a8   0x080061a8   0x00000028   Code   RO          857    i.inv_orientation_matrix_to_scalar  inv_mpu.o
    0x080061d0   0x080061d0   0x0000004e   Code   RO          858    i.inv_row_2_scale   inv_mpu.o
    0x0800621e   0x0800621e   0x00000030   Code   RO           15    i.main              main.o
    0x0800624e   0x0800624e   0x00000002   Code   RO          859    i.mget_ms           inv_mpu.o
    0x08006250   0x08006250   0x00000070   Code   RO          860    i.mpu_configure_fifo  inv_mpu.o
    0x080062c0   0x080062c0   0x00000218   Code   RO          861    i.mpu_dmp_get_data  inv_mpu.o
    0x080064d8   0x080064d8   0x000000a0   Code   RO          862    i.mpu_dmp_init      inv_mpu.o
    0x08006578   0x08006578   0x0000004c   Code   RO          863    i.mpu_get_accel_fsr  inv_mpu.o
    0x080065c4   0x080065c4   0x00000054   Code   RO          865    i.mpu_get_accel_sens  inv_mpu.o
    0x08006618   0x08006618   0x00000010   Code   RO          870    i.mpu_get_fifo_config  inv_mpu.o
    0x08006628   0x08006628   0x00000044   Code   RO          871    i.mpu_get_gyro_fsr  inv_mpu.o
    0x0800666c   0x0800666c   0x00000060   Code   RO          873    i.mpu_get_gyro_sens  inv_mpu.o
    0x080066cc   0x080066cc   0x00000050   Code   RO          875    i.mpu_get_lpf       inv_mpu.o
    0x0800671c   0x0800671c   0x00000020   Code   RO          877    i.mpu_get_sample_rate  inv_mpu.o
    0x0800673c   0x0800673c   0x000001f0   Code   RO          879    i.mpu_init          inv_mpu.o
    0x0800692c   0x0800692c   0x000000b8   Code   RO          880    i.mpu_load_firmware  inv_mpu.o
    0x080069e4   0x080069e4   0x000000e0   Code   RO          881    i.mpu_lp_accel_mode  inv_mpu.o
    0x08006ac4   0x08006ac4   0x000000c0   Code   RO          884    i.mpu_read_fifo_stream  inv_mpu.o
    0x08006b84   0x08006b84   0x00000080   Code   RO          885    i.mpu_read_mem      inv_mpu.o
    0x08006c04   0x08006c04   0x000001c8   Code   RO          888    i.mpu_reset_fifo    inv_mpu.o
    0x08006dcc   0x08006dcc   0x0000011c   Code   RO          889    i.mpu_run_self_test  inv_mpu.o
    0x08006ee8   0x08006ee8   0x00000084   Code   RO          891    i.mpu_set_accel_fsr  inv_mpu.o
    0x08006f6c   0x08006f6c   0x0000014c   Code   RO          892    i.mpu_set_bypass    inv_mpu.o
    0x080070b8   0x080070b8   0x00000090   Code   RO          894    i.mpu_set_dmp_state  inv_mpu.o
    0x08007148   0x08007148   0x00000088   Code   RO          895    i.mpu_set_gyro_fsr  inv_mpu.o
    0x080071d0   0x080071d0   0x0000006c   Code   RO          896    i.mpu_set_int_latched  inv_mpu.o
    0x0800723c   0x0800723c   0x00000084   Code   RO          898    i.mpu_set_lpf       inv_mpu.o
    0x080072c0   0x080072c0   0x0000009c   Code   RO          899    i.mpu_set_sample_rate  inv_mpu.o
    0x0800735c   0x0800735c   0x000000d0   Code   RO          900    i.mpu_set_sensors   inv_mpu.o
    0x0800742c   0x0800742c   0x00000080   Code   RO          901    i.mpu_write_mem     inv_mpu.o
    0x080074ac   0x080074ac   0x0000009a   Code   RO          902    i.run_self_test     inv_mpu.o
    0x08007546   0x08007546   0x00000002   PAD
    0x08007548   0x08007548   0x0000000c   Code   RO          620    i.setAngelOffset    pidctrller.o
    0x08007554   0x08007554   0x0000000c   Code   RO          621    i.setAngelSpd       pidctrller.o
    0x08007560   0x08007560   0x00000040   Code   RO          622    i.setMotorPWM       pidctrller.o
    0x080075a0   0x080075a0   0x00000090   Code   RO          903    i.set_int_enable    inv_mpu.o
    0x08007630   0x08007630   0x0000006e   Code   RO         4665    i.sqrt              m_wm.l(sqrt.o)
    0x0800769e   0x0800769e   0x00000002   PAD
    0x080076a0   0x080076a0   0x00000108   Code   RO          624    i.updataSpeed       pidctrller.o
    0x080077a8   0x080077a8   0x0000000c   Data   RO          626    .constdata          pidctrller.o
    0x080077b4   0x080077b4   0x00000050   Data   RO          905    .constdata          inv_mpu.o
    0x08007804   0x08007804   0x00000bf6   Data   RO         1232    .constdata          inv_mpu_dmp_motion_driver.o
    0x080083fa   0x080083fa   0x00000018   Data   RO         4280    .constdata          system_stm32f4xx.o
    0x08008412   0x08008412   0x00000006   PAD
    0x08008418   0x08008418   0x00000050   Data   RO         4315    .constdata          m_wm.l(asin.o)
    0x08008468   0x08008468   0x00000098   Data   RO         4627    .constdata          m_wm.l(atan.o)
    0x08008500   0x08008500   0x00000008   Data   RO         4662    .constdata          m_wm.l(qnan.o)
    0x08008508   0x08008508   0x0000004d   Data   RO          906    .conststring        inv_mpu.o
    0x08008555   0x08008555   0x00000003   PAD
    0x08008558   0x08008558   0x00000020   Data   RO         4726    Region$$Table       anon$$obj.o


    Execution Region RW_IRAM1 (Exec base: 0x20000000, Load base: 0x08008578, Size: 0x000006b8, Max: 0x00010000, ABSOLUTE)

    Exec Addr    Load Addr    Size         Type   Attr      Idx    E Section Name        Object

    0x20000000   0x08008578   0x00000020   Data   RW          627    .data               pidctrller.o
    0x20000020   0x08008598   0x00000035   Data   RW          907    .data               inv_mpu.o
    0x20000055   0x080085cd   0x00000003   PAD
    0x20000058   0x080085d0   0x00000009   Data   RW         2780    .data               stm32f4xx_hal.o
    0x20000061   0x080085d9   0x00000003   PAD
    0x20000064   0x080085dc   0x00000004   Data   RW         4281    .data               system_stm32f4xx.o
    0x20000068   0x080085e0   0x00000004   Data   RW         4691    .data               mc_w.l(stdout.o)
    0x2000006c   0x080085e4   0x00000004   Data   RW         4703    .data               mc_w.l(errno.o)
    0x20000070        -       0x00000048   Zero   RW          196    .bss                adc.o
    0x200000b8        -       0x00000100   Zero   RW          271    .bss                tim.o
    0x200001b8        -       0x00000040   Zero   RW          343    .bss                usart.o
    0x200001f8        -       0x00000066   Zero   RW          559    .bss                comhandle.o
    0x2000025e   0x080085e8   0x00000002   PAD
    0x20000260        -       0x00000044   Zero   RW          625    .bss                pidctrller.o
    0x200002a4        -       0x00000010   Zero   RW         1231    .bss                inv_mpu_dmp_motion_driver.o
    0x200002b4   0x080085e8   0x00000004   PAD
    0x200002b8        -       0x00000400   Zero   RW            1    STACK               startup_stm32f401xc.o


==============================================================================

Image component sizes


      Code (inc. data)   RO Data    RW Data    ZI Data      Debug   Object Name

       236         26          0          0         72       1829   adc.o
       430         48          0          0        102       4361   comhandle.o
       220         12          0          0          0       1051   gpio.o
       706         42          0          0          0       5883   iiccom.o
      6938        320        157         53          0      33412   inv_mpu.o
      3128        138       3062          0         16      21874   inv_mpu_dmp_motion_driver.o
       230          8          0          0          0     431952   main.o
       508         22          0          0          0       4369   mpu6050.o
      1436        174         12         32         68       6884   pidctrller.o
        36          8        404          0       1024        856   startup_stm32f401xc.o
       212         36          0          9          0       4773   stm32f4xx_hal.o
       852         28          0          0          0       2871   stm32f4xx_hal_adc.o
       304         22          0          0          0      34667   stm32f4xx_hal_cortex.o
        40          0          0          0          0       1187   stm32f4xx_hal_dma.o
       496         32          0          0          0       3083   stm32f4xx_hal_gpio.o
        72          4          0          0          0        918   stm32f4xx_hal_msp.o
      1732         84          0          0          0       5744   stm32f4xx_hal_rcc.o
      2070         54          0          0          0      18303   stm32f4xx_hal_tim.o
       204          0          0          0          0       3413   stm32f4xx_hal_tim_ex.o
      1678         12          0          0          0       8147   stm32f4xx_hal_uart.o
       104         18          0          0          0       6030   stm32f4xx_it.o
       100         18         24          4          0       1271   system_stm32f4xx.o
      1132         76          0          0        256       5647   tim.o
       196         42          0          0          0       2321   tmagv.o
       208         24          0          0         64       1818   usart.o

    ----------------------------------------------------------------------
     23292       1248       3700        104       1608     612664   Object Totals
         0          0         32          0          0          0   (incl. Generated)
        24          0          9          6          6          0   (incl. Padding)

    ----------------------------------------------------------------------

      Code (inc. data)   RO Data    RW Data    ZI Data      Debug   Library Member Name

       864         94         80          0          0        280   asin.o
       744        106        152          0          0        352   atan.o
       496         64          0          0          0        192   atan2.o
       104         16          0          0          0        496   dunder.o
        24          0          0          0          0        124   fabs.o
        48          0          0          0          0        124   fpclassify.o
       248          0          0          0          0        152   poly.o
         0          0          8          0          0          0   qnan.o
       110          0          0          0          0        148   sqrt.o
         0          0          0          0          0          0   entry.o
         0          0          0          0          0          0   entry10a.o
         0          0          0          0          0          0   entry11a.o
         8          4          0          0          0          0   entry2.o
         4          0          0          0          0          0   entry5.o
         0          0          0          0          0          0   entry7b.o
         0          0          0          0          0          0   entry8b.o
         8          4          0          0          0          0   entry9a.o
        12          6          0          4          0         68   errno.o
        18          0          0          0          0         80   fputc.o
        30          0          0          0          0          0   handlers.o
        36          8          0          0          0         68   init.o
         0          0          0          0          0          0   iusefp.o
         0          0          0          0          0          0   iusesemip.o
        98          0          0          0          0         84   ldiv.o
        30          0          0          0          0         68   llshl.o
        36          0          0          0          0         68   llsshr.o
        32          0          0          0          0         68   llushr.o
        26          0          0          0          0         80   memcmp.o
        36          0          0          0          0        108   memseta.o
      2308         96          0          0          0        604   printfa.o
         0          0          0          0          0          0   semi.o
         0          0          0          4          0          0   stdout.o
        44          0          0          0          0         80   uidiv.o
        98          0          0          0          0         92   uldiv.o
        48          0          0          0          0         68   cdrcmple.o
        56          0          0          0          0         88   d2f.o
       334          0          0          0          0        148   dadd.o
       222          0          0          0          0        100   ddiv.o
       186          0          0          0          0        176   depilogue.o
        48          0          0          0          0         68   dfixul.o
        34          0          0          0          0         76   dflti.o
       228          0          0          0          0         96   dmul.o
       162          0          0          0          0        100   dsqrt.o
        38          0          0          0          0         68   f2d.o
       110          0          0          0          0        168   fepilogue.o

    ----------------------------------------------------------------------
      6936        398        240          8          0       4492   Library Totals
         8          0          0          0          0          0   (incl. Padding)

    ----------------------------------------------------------------------

      Code (inc. data)   RO Data    RW Data    ZI Data      Debug   Library Name

      2638        280        240          0          0       1868   m_wm.l
      2824        118          0          8          0       1468   mc_w.l
      1466          0          0          0          0       1156   mf_w.l

    ----------------------------------------------------------------------
      6936        398        240          8          0       4492   Library Totals

    ----------------------------------------------------------------------

==============================================================================


      Code (inc. data)   RO Data    RW Data    ZI Data      Debug   

     30228       1646       3940        112       1608     598108   Grand Totals
     30228       1646       3940        112       1608     598108   ELF Image Totals
     30228       1646       3940        112          0          0   ROM Totals

==============================================================================

    Total RO  Size (Code + RO Data)                34168 (  33.37kB)
    Total RW  Size (RW Data + ZI Data)              1720 (   1.68kB)
    Total ROM Size (Code + RO Data + RW Data)      34280 (  33.48kB)

==============================================================================

