<html>
<body>
<pre>
<h1>µVision Build Log</h1>
<h2>Tool Versions:</h2>
IDE-Version: ¦ÌVision V5.29.0.0
Copyright (C) 2019 ARM Ltd and ARM Germany GmbH. All rights reserved.
License Information: zhang dong, Z-tech, LIC=EXJUH-WWE43-FW42N-YWFJK-JNC04-DVASX
 
Tool Versions:
Toolchain:       MDK-ARM Plus  Version: 5.29.0.0
Toolchain Path:  C:\Keil_v5_ARM\ARM\ARMCC\Bin
C Compiler:      Armcc.exe V5.06 update 6 (build 750)
Assembler:       Armasm.exe V5.06 update 6 (build 750)
Linker/Locator:  ArmLink.exe V5.06 update 6 (build 750)
Library Manager: ArmAr.exe V5.06 update 6 (build 750)
Hex Converter:   FromElf.exe V5.06 update 6 (build 750)
CPU DLL:         SARMCM3.DLL V5.29.0.0
Dialog DLL:      DCM.DLL V1.17.3.0
Target DLL:      CMSIS_AGDI.dll V1.32.0.0
Dialog DLL:      TCM.DLL V1.36.5.0
 
<h2>Project:</h2>
E:\WorkSpace\Microcontroller\STM32F401CCU6\TMAGV\TMAGV\MDK-ARM\TMAGV.uvprojx
Project File Date:  12/16/2019

<h2>Output:</h2>
*** Using Compiler 'V5.06 update 6 (build 750)', folder: 'C:\Keil_v5_ARM\ARM\ARMCC\Bin'
Build target 'TMAGV'
compiling pidctrller.c...
..\TMAGV\src\pidctrller.c(88): warning:  #1035-D: single-precision operand implicitly converted to double-precision
  		g_MotorSpeed[i] = etrtemp * 10.0 * 0.25;
..\TMAGV\src\pidctrller.c(147): warning:  #1035-D: single-precision operand implicitly converted to double-precision
  		pid[i].de		=  pid[i].de * 0.7 + 0.3 * (g_MotorSpeed[i] - 0);//g_TargetSpeed[i] - g_MotorSpeed[i];
..\TMAGV\src\pidctrller.c(147): warning:  #1035-D: single-precision operand implicitly converted to double-precision
  		pid[i].de		=  pid[i].de * 0.7 + 0.3 * (g_MotorSpeed[i] - 0);//g_TargetSpeed[i] - g_MotorSpeed[i];
..\TMAGV\src\pidctrller.c(239): warning:  #167-D: argument of type "uint8_t *" is incompatible with parameter of type "char *restrict"
  		sprintf(str,"pitch = %3.2f,roll = %3.2f,yaw = %3.2f \r\n",pitch,roll,yaw);
..\TMAGV\src\pidctrller.c(228): warning:  #550-D: variable "temp"  was set but never used
  	short temp = 0;
..\TMAGV\src\pidctrller.c: 5 warnings, 0 errors
linking...
Program Size: Code=30228 RO-data=3940 RW-data=112 ZI-data=1608  
FromELF: creating hex file...
"TMAGV\TMAGV.axf" - 0 Error(s), 5 Warning(s).

<h2>Software Packages used:</h2>

Package Vendor: ARM
                http://www.keil.com/pack/ARM.CMSIS.5.6.0.pack
                ARM.CMSIS.5.6.0
                CMSIS (Cortex Microcontroller Software Interface Standard)
   * Component: CORE Version: 5.3.0

Package Vendor: Keil
                http://www.keil.com/pack/Keil.STM32F4xx_DFP.2.13.0.pack
                Keil.STM32F4xx_DFP.2.13.0
                STMicroelectronics STM32F4 Series Device Support, Drivers and Examples

<h2>Collection of Component include folders:</h2>
  .\RTE\_TMAGV
  C:\Keil_v5_ARM\ARM\PACK\ARM\CMSIS\5.6.0\CMSIS\Core\Include
  C:\Keil_v5_ARM\ARM\PACK\Keil\STM32F4xx_DFP\2.13.0\Drivers\CMSIS\Device\ST\STM32F4xx\Include

<h2>Collection of Component Files used:</h2>

   * Component: ARM::CMSIS:CORE:5.3.0
Build Time Elapsed:  00:00:03
</pre>
</body>
</html>
